Archive member included to satisfy reference by file (symbol)

/usr/local/mcuxpressoide-10.0.2_411/ide/tools/bin/../lib/gcc/arm-none-eabi/5.4.1/../../../../arm-none-eabi/lib/armv6-m/libm.a(lib_a-s_round.o)
                              ./framework/XCVR/MKW41Z4/fsl_xcvr.o (round)
/usr/local/mcuxpressoide-10.0.2_411/ide/tools/bin/../lib/gcc/arm-none-eabi/5.4.1/../../../../arm-none-eabi/lib/armv6-m/libm.a(lib_a-s_trunc.o)
                              ./framework/XCVR/MKW41Z4/fsl_xcvr.o (trunc)
/usr/local/mcuxpressoide-10.0.2_411/ide/tools/bin/../lib/gcc/arm-none-eabi/5.4.1/../../../../arm-none-eabi/lib/armv6-m/libm.a(lib_a-sf_round.o)
                              ./framework/XCVR/MKW41Z4/fsl_xcvr_trim.o (roundf)
/usr/local/mcuxpressoide-10.0.2_411/ide/tools/bin/../lib/gcc/arm-none-eabi/5.4.1/../../../../arm-none-eabi/lib/armv6-m/libc.a(lib_a-exit.o)
                              /usr/local/mcuxpressoide-10.0.2_411/ide/tools/bin/../lib/gcc/arm-none-eabi/5.4.1/../../../../arm-none-eabi/lib/armv6-m/crt0.o (exit)
/usr/local/mcuxpressoide-10.0.2_411/ide/tools/bin/../lib/gcc/arm-none-eabi/5.4.1/../../../../arm-none-eabi/lib/armv6-m/libc.a(lib_a-impure.o)
                              /usr/local/mcuxpressoide-10.0.2_411/ide/tools/bin/../lib/gcc/arm-none-eabi/5.4.1/../../../../arm-none-eabi/lib/armv6-m/libc.a(lib_a-exit.o) (_global_impure_ptr)
/usr/local/mcuxpressoide-10.0.2_411/ide/tools/bin/../lib/gcc/arm-none-eabi/5.4.1/../../../../arm-none-eabi/lib/armv6-m/libc.a(lib_a-init.o)
                              /usr/local/mcuxpressoide-10.0.2_411/ide/tools/bin/../lib/gcc/arm-none-eabi/5.4.1/../../../../arm-none-eabi/lib/armv6-m/crt0.o (__libc_init_array)
/usr/local/mcuxpressoide-10.0.2_411/ide/tools/bin/../lib/gcc/arm-none-eabi/5.4.1/../../../../arm-none-eabi/lib/armv6-m/libc.a(lib_a-memcpy-stub.o)
                              ./ieee_802.15.4/phy/source/MKW41Z/PhyTime.o (memcpy)
/usr/local/mcuxpressoide-10.0.2_411/ide/tools/bin/../lib/gcc/arm-none-eabi/5.4.1/../../../../arm-none-eabi/lib/armv6-m/libc.a(lib_a-memset.o)
                              /usr/local/mcuxpressoide-10.0.2_411/ide/tools/bin/../lib/gcc/arm-none-eabi/5.4.1/../../../../arm-none-eabi/lib/armv6-m/crt0.o (memset)
/usr/local/mcuxpressoide-10.0.2_411/ide/tools/bin/../lib/gcc/arm-none-eabi/5.4.1/../../../../arm-none-eabi/lib/armv6-m/libc.a(lib_a-strlen-stub.o)
                              ./framework/SerialManager/Source/SerialManager.o (strlen)
/usr/local/mcuxpressoide-10.0.2_411/ide/tools/bin/../lib/gcc/arm-none-eabi/5.4.1/../../../../arm-none-eabi/lib/armv6-m/libc.a(lib_a-__call_atexit.o)
                              /usr/local/mcuxpressoide-10.0.2_411/ide/tools/bin/../lib/gcc/arm-none-eabi/5.4.1/../../../../arm-none-eabi/lib/armv6-m/libc.a(lib_a-exit.o) (__call_exitprocs)
/usr/local/mcuxpressoide-10.0.2_411/ide/tools/bin/../lib/gcc/arm-none-eabi/5.4.1/../../../../arm-none-eabi/lib/armv6-m/libc.a(lib_a-atexit.o)
                              /usr/local/mcuxpressoide-10.0.2_411/ide/tools/bin/../lib/gcc/arm-none-eabi/5.4.1/../../../../arm-none-eabi/lib/armv6-m/libc.a(lib_a-__call_atexit.o) (atexit)
/usr/local/mcuxpressoide-10.0.2_411/ide/tools/bin/../lib/gcc/arm-none-eabi/5.4.1/../../../../arm-none-eabi/lib/armv6-m/libc.a(lib_a-fini.o)
                              /usr/local/mcuxpressoide-10.0.2_411/ide/tools/bin/../lib/gcc/arm-none-eabi/5.4.1/../../../../arm-none-eabi/lib/armv6-m/libc.a(lib_a-__call_atexit.o) (__libc_fini_array)
/usr/local/mcuxpressoide-10.0.2_411/ide/tools/bin/../lib/gcc/arm-none-eabi/5.4.1/../../../../arm-none-eabi/lib/armv6-m/libc.a(lib_a-__atexit.o)
                              /usr/local/mcuxpressoide-10.0.2_411/ide/tools/bin/../lib/gcc/arm-none-eabi/5.4.1/../../../../arm-none-eabi/lib/armv6-m/libc.a(lib_a-atexit.o) (__register_exitproc)
/usr/local/mcuxpressoide-10.0.2_411/ide/tools/bin/../lib/gcc/arm-none-eabi/5.4.1/armv6-m/libgcc.a(_udivsi3.o)
                              ./ieee_802.15.4/phy/source/MKW41Z/PhyPacketProcessor.o (__aeabi_uidiv)
/usr/local/mcuxpressoide-10.0.2_411/ide/tools/bin/../lib/gcc/arm-none-eabi/5.4.1/armv6-m/libgcc.a(_divsi3.o)
                              ./ieee_802.15.4/phy/source/MKW41Z/PhyISR.o (__aeabi_idiv)
/usr/local/mcuxpressoide-10.0.2_411/ide/tools/bin/../lib/gcc/arm-none-eabi/5.4.1/armv6-m/libgcc.a(_dvmd_tls.o)
                              /usr/local/mcuxpressoide-10.0.2_411/ide/tools/bin/../lib/gcc/arm-none-eabi/5.4.1/armv6-m/libgcc.a(_udivsi3.o) (__aeabi_idiv0)
/usr/local/mcuxpressoide-10.0.2_411/ide/tools/bin/../lib/gcc/arm-none-eabi/5.4.1/armv6-m/libgcc.a(_arm_cmpdf2.o)
                              ./framework/XCVR/MKW41Z4/fsl_xcvr.o (__aeabi_dcmpgt)
/usr/local/mcuxpressoide-10.0.2_411/ide/tools/bin/../lib/gcc/arm-none-eabi/5.4.1/armv6-m/libgcc.a(_arm_cmpsf2.o)
                              ./framework/XCVR/MKW41Z4/fsl_xcvr_trim.o (__aeabi_fcmplt)
/usr/local/mcuxpressoide-10.0.2_411/ide/tools/bin/../lib/gcc/arm-none-eabi/5.4.1/armv6-m/libgcc.a(_aeabi_uldivmod.o)
[...]
Memory Configuration

Name             Origin             Length             Attributes
TEXT_region1     0x00000000         0x00000400         xr
m_flash_config_region 0x00000400         0x00000010         xr
TEXT_region2     0x00000411         0x0007f3ee         xr
DATA_region      0x1fff8000         0x00020000         rw
PRODUCT_INFO_region 0x0007f800         0x000007ff         xr
*default*        0x00000000         0xffffffff

Linker script and memory map

LOAD /usr/local/mcuxpressoide-10.0.2_411/ide/tools/bin/../lib/gcc/arm-none-eabi/5.4.1/armv6-m/crti.o
LOAD /usr/local/mcuxpressoide-10.0.2_411/ide/tools/bin/../lib/gcc/arm-none-eabi/5.4.1/armv6-m/crtbegin.o
LOAD /usr/local/mcuxpressoide-10.0.2_411/ide/tools/bin/../lib/gcc/arm-none-eabi/5.4.1/../../../../arm-none-eabi/lib/armv6-m/crt0.o
LOAD ./utilities/fsl_debug_console.o
LOAD ./startup/startup_MKW41Z4.o
LOAD ./source/mtb.o
LOAD ./source/wireless_messenger.o
LOAD ./source/wireless_messenger_menus.o
LOAD ./ieee_802.15.4/smac/source/SMAC.o
LOAD ./ieee_802.15.4/phy/source/MKW41Z/ASP.o
LOAD ./ieee_802.15.4/phy/source/MKW41Z/MPM.o
LOAD ./ieee_802.15.4/phy/source/MKW41Z/PhyISR.o
LOAD ./ieee_802.15.4/phy/source/MKW41Z/PhyPacketProcessor.o
LOAD ./ieee_802.15.4/phy/source/MKW41Z/PhyPlmeData.o
LOAD ./ieee_802.15.4/phy/source/MKW41Z/PhyStateMachine.o
LOAD ./ieee_802.15.4/phy/source/MKW41Z/PhyTime.o
LOAD ./framework/XCVR/MKW41Z4/cfgs_kw4x_3x_2x/fsl_xcvr_ant_config.o
LOAD ./framework/XCVR/MKW41Z4/cfgs_kw4x_3x_2x/fsl_xcvr_ble_config.o
LOAD ./framework/XCVR/MKW41Z4/cfgs_kw4x_3x_2x/fsl_xcvr_common_config.o
LOAD ./framework/XCVR/MKW41Z4/cfgs_kw4x_3x_2x/fsl_xcvr_gfsk_bt_0p3_h_0p5_config.o
LOAD ./framework/XCVR/MKW41Z4/cfgs_kw4x_3x_2x/fsl_xcvr_gfsk_bt_0p5_h_0p32_config.o
LOAD ./framework/XCVR/MKW41Z4/cfgs_kw4x_3x_2x/fsl_xcvr_gfsk_bt_0p5_h_0p5_config.o
LOAD ./framework/XCVR/MKW41Z4/cfgs_kw4x_3x_2x/fsl_xcvr_gfsk_bt_0p5_h_0p7_config.o
LOAD ./framework/XCVR/MKW41Z4/cfgs_kw4x_3x_2x/fsl_xcvr_gfsk_bt_0p5_h_1p0_config.o
LOAD ./framework/XCVR/MKW41Z4/cfgs_kw4x_3x_2x/fsl_xcvr_gfsk_bt_0p7_h_0p5_config.o
LOAD ./framework/XCVR/MKW41Z4/cfgs_kw4x_3x_2x/fsl_xcvr_mode_datarate_config.o
LOAD ./framework/XCVR/MKW41Z4/cfgs_kw4x_3x_2x/fsl_xcvr_msk_config.o
LOAD ./framework/XCVR/MKW41Z4/cfgs_kw4x_3x_2x/fsl_xcvr_zgbe_config.o
LOAD ./framework/XCVR/MKW41Z4/dbg_ram_capture.o
LOAD ./framework/XCVR/MKW41Z4/fsl_xcvr.o
LOAD ./framework/XCVR/MKW41Z4/fsl_xcvr_trim.o
LOAD ./framework/XCVR/MKW41Z4/ifr_radio.o
LOAD ./framework/TimersManager/Source/TMR_Adapter.o
LOAD ./framework/TimersManager/Source/TimersManager.o
LOAD ./framework/SerialManager/Source/UART_Adapter/UART_Adapter.o
LOAD ./framework/SerialManager/Source/SPI_Adapter/SPI_Adapter.o
LOAD ./framework/SerialManager/Source/I2C_Adapter/I2C_Adapter.o
LOAD ./framework/SerialManager/Source/SerialManager.o
LOAD ./framework/SecLib/SecLib.o
LOAD ./framework/Reset/Reset.o
LOAD ./framework/RNG/Source/RNG.o
LOAD ./framework/Panic/Source/Panic.o
LOAD ./framework/OSAbstraction/Source/fsl_os_abstraction_bm.o
LOAD ./framework/ModuleInfo/ModuleInfo.o
LOAD ./framework/Messaging/Source/Messaging.o
LOAD ./framework/MemManager/Source/MemManager.o
LOAD ./framework/MWSCoexistence/Source/MWS.o
LOAD ./framework/Lists/GenericList.o
LOAD ./framework/LED/Source/LED.o
LOAD ./framework/Keyboard/Source/Keyboard.o
LOAD ./framework/GPIO/GPIO_Adapter.o
LOAD ./framework/FunctionLib/FunctionLib.o
LOAD ./framework/Flash/Internal/Flash_Adapter.o
LOAD ./framework/DCDC/Source/DCDC.o
LOAD ./drivers/fsl_adc16.o
LOAD ./drivers/fsl_clock.o
LOAD ./drivers/fsl_common.o
LOAD ./drivers/fsl_dspi.o
LOAD ./drivers/fsl_flash.o
LOAD ./drivers/fsl_gpio.o
LOAD ./drivers/fsl_i2c.o
LOAD ./drivers/fsl_llwu.o
LOAD ./drivers/fsl_lptmr.o
LOAD ./drivers/fsl_lpuart.o
LOAD ./drivers/fsl_ltc.o
LOAD ./drivers/fsl_pmc.o
LOAD ./drivers/fsl_rtc.o
LOAD ./drivers/fsl_smc.o
LOAD ./drivers/fsl_tpm.o
LOAD ./drivers/fsl_trng.o
LOAD ./drivers/fsl_tsi_v4.o
LOAD ./board/board.o
LOAD ./board/clock_config.o
LOAD ./board/gpio_pins.o
LOAD ./board/pin_mux.o
LOAD ./CMSIS/system_MKW41Z4.o
LOAD /usr/local/mcuxpressoide-10.0.2_411/ide/tools/bin/../lib/gcc/arm-none-eabi/5.4.1/../../../../arm-none-eabi/lib/armv6-m/libm.a
LOAD /usr/local/mcuxpressoide-10.0.2_411/ide/tools/bin/../lib/gcc/arm-none-eabi/5.4.1/../../../../arm-none-eabi/lib/armv6-m/libc.a
LOAD /usr/local/mcuxpressoide-10.0.2_411/ide/tools/bin/../lib/gcc/arm-none-eabi/5.4.1/armv6-m/libgcc.a
LOAD /usr/local/mcuxpressoide-10.0.2_411/ide/tools/bin/../lib/gcc/arm-none-eabi/5.4.1/../../../../arm-none-eabi/lib/armv6-m/libnosys.a
LOAD /home/samuel9520/Documents/MCUXpresso_10.0.2_411/workspace/lab3_receiver/libs/lib_crypto_m0.a
START GROUP
LOAD /usr/local/mcuxpressoide-10.0.2_411/ide/tools/bin/../lib/gcc/arm-none-eabi/5.4.1/armv6-m/libgcc.a
LOAD /usr/local/mcuxpressoide-10.0.2_411/ide/tools/bin/../lib/gcc/arm-none-eabi/5.4.1/../../../../arm-none-eabi/lib/armv6-m/libc.a
END GROUP
LOAD /usr/local/mcuxpressoide-10.0.2_411/ide/tools/bin/../lib/gcc/arm-none-eabi/5.4.1/armv6-m/crtend.o
LOAD /usr/local/mcuxpressoide-10.0.2_411/ide/tools/bin/../lib/gcc/arm-none-eabi/5.4.1/armv6-m/crtn.o
                0x1fff8000                _RAM_START_ = 0x1fff8000
                0x20017fff                _RAM_END_ = 0x20017fff
                0x0007f800                FREESCALE_PROD_DATA_BASE_ADDR = 0x7f800
                0x000000c0                __RAM_VECTOR_TABLE_SIZE = 0xc0
                0x20017dea                __BOOT_STACK_ADDRESS = 0x20017dea
                0x1ffffffb                __dummy_start = 0x1ffffffb

.interrupts     0x00000000       0xc0
                0x00000000                __VECTOR_TABLE = .
                0x00000000                . = ALIGN (0x4)
 *(.isr_vector)
 .isr_vector    0x00000000       0xc0 ./startup/startup_MKW41Z4.o
                0x00000000                __isr_vector
                0x000000c0                . = ALIGN (0x4)

.freescale_prod_data
                0x0007f800        0x0
                0x0007f800                . = ALIGN (0x4)
 *(.FREESCALE_PROD_DATA)
                0x0007f800                . = ALIGN (0x4)

.flash_config   0x00000400       0x10
                0x00000400                . = ALIGN (0x4)
 *(.FlashConfig)
 .FlashConfig   0x00000400       0x10 ./startup/startup_MKW41Z4.o
                0x00000410                . = ALIGN (0x4)

.text           0x00000414    0x13d98
                0x00000414                . = ALIGN (0x4)
 *(.text)
 .text          0x00000414       0x60 /usr/local/mcuxpressoide-10.0.2_411/ide/tools/bin/../lib/gcc/arm-none-eabi/5.4.1/armv6-m/crtbegin.o
 .text          0x00000474       0x78 /usr/local/mcuxpressoide-10.0.2_411/ide/tools/bin/../lib/gcc/arm-none-eabi/5.4.1/../../../../arm-none-eabi/lib/armv6-m/crt0.o
                0x00000474                _mainCRTStartup
                0x00000474                _start
 .text          0x000004ec       0xc0 ./startup/startup_MKW41Z4.o
                0x000004ec                Reset_Handler
                0x00000534                LVD_LVW_DCDC_IRQHandler
                0x00000534                DMA0_DriverIRQHandler
                0x00000534                TPM0_IRQHandler
                0x00000534                Radio_1_IRQHandler
                0x00000534                LLWU_IRQHandler
                0x00000534                TSI0_IRQHandler
                0x00000534                ADC0_IRQHandler
                0x00000534                CMT_IRQHandler
                0x00000534                DefaultISR
                0x00000534                PORTB_PORTC_IRQHandler
                0x00000534                TPM2_IRQHandler
                0x00000534                RTC_IRQHandler
                0x00000534                DMA3_DriverIRQHandler
                0x00000534                RTC_Seconds_IRQHandler
                0x00000534                MCG_IRQHandler
                0x00000534                TRNG0_IRQHandler
                0x00000534                Reserved20_IRQHandler
                0x00000534                LTC0_IRQHandler
                0x00000534                PIT_IRQHandler
                0x00000534                DMA1_DriverIRQHandler
                0x00000534                DAC0_IRQHandler
                0x00000534                TPM1_IRQHandler
                0x00000534                PORTA_IRQHandler
                0x00000534                FTFA_IRQHandler
                0x00000534                LPTMR0_IRQHandler
                0x00000534                DMA2_DriverIRQHandler
                0x00000534                CMP0_IRQHandler
                0x00000534                Radio_0_IRQHandler
                0x0000053c                HardFault_Handler
                0x00000540                SVC_Handler
                0x00000544                PendSV_Handler
                0x00000548                SysTick_Handler
                0x0000054c                DMA0_IRQHandler
                0x00000550                DMA1_IRQHandler
                0x00000554                DMA2_IRQHandler
                0x00000558                DMA3_IRQHandler
                0x0000055c                I2C0_IRQHandler
                0x00000560                I2C1_IRQHandler
                0x00000564                SPI0_IRQHandler
                0x00000568                LPUART0_IRQHandler
                0x0000056c                SPI1_IRQHandler
 .text          0x000005ac      0x114 /usr/local/mcuxpressoide-10.0.2_411/ide/tools/bin/../lib/gcc/arm-none-eabi/5.4.1/armv6-m/libgcc.a(_udivsi3.o)
                0x000005ac                __udivsi3
                0x000005ac                __aeabi_uidiv
                0x000006b8                __aeabi_uidivmod
 .text          0x000006c0      0x1d4 /usr/local/mcuxpressoide-10.0.2_411/ide/tools/bin/../lib/gcc/arm-none-eabi/5.4.1/armv6-m/libgcc.a(_divsi3.o)
                0x000006c0                __aeabi_idiv
                0x000006c0                __divsi3
                0x0000088c                __aeabi_idivmod
 .text          0x00000894        0x4 /usr/local/mcuxpressoide-10.0.2_411/ide/tools/bin/../lib/gcc/arm-none-eabi/5.4.1/armv6-m/libgcc.a(_dvmd_tls.o)
                0x00000894                __aeabi_ldiv0
                0x00000894                __aeabi_idiv0
 .text          0x00000898       0x74 /usr/local/mcuxpressoide-10.0.2_411/ide/tools/bin/../lib/gcc/arm-none-eabi/5.4.1/armv6-m/libgcc.a(_arm_cmpsf2.o)
                0x00000898                __aeabi_cfrcmple
                0x000008a0                __aeabi_cfcmple
                0x000008a0                __aeabi_cfcmpeq
                0x000008b0                __aeabi_fcmpeq
                0x000008bc                __aeabi_fcmplt
                0x000008d0                __aeabi_fcmple
                0x000008e4                __aeabi_fcmpgt
                0x000008f8                __aeabi_fcmpge
 .text          0x0000090c       0x40 /usr/local/mcuxpressoide-10.0.2_411/ide/tools/bin/../lib/gcc/arm-none-eabi/5.4.1/armv6-m/libgcc.a(_aeabi_uldivmod.o)
                0x0000090c                __aeabi_uldivmod
 .text          0x0000094c       0x58 /usr/local/mcuxpressoide-10.0.2_411/ide/tools/bin/../lib/gcc/arm-none-eabi/5.4.1/armv6-m/libgcc.a(_muldi3.o)
                0x0000094c                __aeabi_lmul
                0x0000094c                __muldi3
 .text          0x000009a4       0x30 /usr/local/mcuxpressoide-10.0.2_411/ide/tools/bin/../lib/gcc/arm-none-eabi/5.4.1/armv6-m/libgcc.a(_fixunssfsi.o)
                0x000009a4                __aeabi_f2uiz
                0x000009a4                __fixunssfsi
 .text          0x000009d4      0x180 /usr/local/mcuxpressoide-10.0.2_411/ide/tools/bin/../lib/gcc/arm-none-eabi/5.4.1/armv6-m/libgcc.a(_udivmoddi4.o)
                0x000009d4                __udivmoddi4
 .text          0x00000b54      0x2ec /usr/local/mcuxpressoide-10.0.2_411/ide/tools/bin/../lib/gcc/arm-none-eabi/5.4.1/armv6-m/libgcc.a(addsf3.o)
                0x00000b54                __aeabi_fadd
 .text          0x00000e40      0x234 /usr/local/mcuxpressoide-10.0.2_411/ide/tools/bin/../lib/gcc/arm-none-eabi/5.4.1/armv6-m/libgcc.a(divsf3.o)
                0x00000e40                __aeabi_fdiv
 .text          0x00001074       0x50 /usr/local/mcuxpressoide-10.0.2_411/ide/tools/bin/../lib/gcc/arm-none-eabi/5.4.1/armv6-m/libgcc.a(eqsf2.o)
                0x00001074                __nesf2
                0x00001074                __eqsf2
 .text          0x000010c4       0x88 /usr/local/mcuxpressoide-10.0.2_411/ide/tools/bin/../lib/gcc/arm-none-eabi/5.4.1/armv6-m/libgcc.a(gesf2.o)
                0x000010c4                __gtsf2
                0x000010c4                __gesf2
 .text          0x0000114c       0x88 /usr/local/mcuxpressoide-10.0.2_411/ide/tools/bin/../lib/gcc/arm-none-eabi/5.4.1/armv6-m/libgcc.a(lesf2.o)
                0x0000114c                __lesf2
                0x0000114c                __ltsf2
 .text          0x000011d4      0x228 /usr/local/mcuxpressoide-10.0.2_411/ide/tools/bin/../lib/gcc/arm-none-eabi/5.4.1/armv6-m/libgcc.a(mulsf3.o)
                0x000011d4                __aeabi_fmul
 .text          0x000013fc      0x30c /usr/local/mcuxpressoide-10.0.2_411/ide/tools/bin/../lib/gcc/arm-none-eabi/5.4.1/armv6-m/libgcc.a(subsf3.o)
                0x000013fc                __aeabi_fsub
 .text          0x00001708       0x44 /usr/local/mcuxpressoide-10.0.2_411/ide/tools/bin/../lib/gcc/arm-none-eabi/5.4.1/armv6-m/libgcc.a(fixsfsi.o)
                0x00001708                __aeabi_f2iz
 .text          0x0000174c       0x90 /usr/local/mcuxpressoide-10.0.2_411/ide/tools/bin/../lib/gcc/arm-none-eabi/5.4.1/armv6-m/libgcc.a(floatsisf.o)
                0x0000174c                __aeabi_i2f
 .text          0x000017dc       0x7c /usr/local/mcuxpressoide-10.0.2_411/ide/tools/bin/../lib/gcc/arm-none-eabi/5.4.1/armv6-m/libgcc.a(floatunsisf.o)
                0x000017dc                __aeabi_ui2f
 .text          0x00001858       0x3c /usr/local/mcuxpressoide-10.0.2_411/ide/tools/bin/../lib/gcc/arm-none-eabi/5.4.1/armv6-m/libgcc.a(_clzsi2.o)
                0x00001858                __clzsi2
 .text          0x00001894       0x18 /usr/local/mcuxpressoide-10.0.2_411/ide/tools/bin/../lib/gcc/arm-none-eabi/5.4.1/armv6-m/libgcc.a(_clzdi2.o)
                0x00001894                __clzdi2
 .text          0x000018ac       0x38 /home/samuel9520/Documents/MCUXpresso_10.0.2_411/workspace/lab3_receiver/libs/lib_crypto_m0.a(SW_RNG.o)
                0x000018ac                SecLib_set_rng_seed
                0x000018bc                SecLib_get_random
 *(.text*)
 .text.InitProject
                0x000018e4       0x94 ./source/wireless_messenger.o
                0x000018e4                InitProject
 .text.smacToAppMlmeSap
                0x00001978       0x5c ./source/wireless_messenger.o
                0x00001978                smacToAppMlmeSap
 .text.smacToAppMcpsSap
                0x000019d4       0x7c ./source/wireless_messenger.o
                0x000019d4                smacToAppMcpsSap
 .text.HandleEvents
                0x00001a50       0xac ./source/wireless_messenger.o
 .text.main_task
                0x00001afc      0x12c ./source/wireless_messenger.o
                0x00001afc                main_task
 .text.InitApp  0x00001c28       0xc4 ./source/wireless_messenger.o
                0x00001c28                InitApp
 .text.SerialUIStateMachine
                0x00001cec      0x178 ./source/wireless_messenger.o
 .text.SecurityConfig
                0x00001e64      0x2b4 ./source/wireless_messenger.o
 .text.ConfigureWM
                0x00002118      0x37c ./source/wireless_messenger.o
 .text.ConsoleWM
                0x00002494      0x4ac ./source/wireless_messenger.o
 .text.PrintTestParameters
                0x00002940      0x1c0 ./source/wireless_messenger.o
 .text.UartRxCallBack
                0x00002b00       0x20 ./source/wireless_messenger.o
                0x00002b00                UartRxCallBack
 .text.ShortCutsParser
                0x00002b20      0x1a0 ./source/wireless_messenger.o
 .text.HexString2Dec16
                0x00002cc0      0x154 ./source/wireless_messenger.o
 .text.Clear_CurrentLine
                0x00002e14       0x60 ./source/wireless_messenger.o
                0x00002e14                Clear_CurrentLine
 .text.PrintMenu
                0x00002e74       0x5c ./source/wireless_messenger_menus.o
                0x00002e74                PrintMenu
 .text.MCPSDataRequest
                0x00002ed0      0x32c ./ieee_802.15.4/smac/source/SMAC.o
                0x00002ed0                MCPSDataRequest
 .text.MLMESetActivePan
                0x000031fc       0x58 ./ieee_802.15.4/smac/source/SMAC.o
                0x000031fc                MLMESetActivePan
 .text.MLMEConfigureTxContext
                0x00003254       0x8c ./ieee_802.15.4/smac/source/SMAC.o
                0x00003254                MLMEConfigureTxContext
 .text.MLMERXEnableRequest
                0x000032e0      0x150 ./ieee_802.15.4/smac/source/SMAC.o
                0x000032e0                MLMERXEnableRequest
 .text.MLMESetChannelRequest
                0x00003430       0xa8 ./ieee_802.15.4/smac/source/SMAC.o
                0x00003430                MLMESetChannelRequest
 .text.MLMEGetChannelRequest
                0x000034d8       0x50 ./ieee_802.15.4/smac/source/SMAC.o
                0x000034d8                MLMEGetChannelRequest
 .text.MLMERXDisableRequest
                0x00003528      0x11c ./ieee_802.15.4/smac/source/SMAC.o
                0x00003528                MLMERXDisableRequest
 .text.MLMEPAOutputAdjust
                0x00003644       0xa8 ./ieee_802.15.4/smac/source/SMAC.o
                0x00003644                MLMEPAOutputAdjust
 .text.PD_SMAC_SapHandler
                0x000036ec      0x2f0 ./ieee_802.15.4/smac/source/SMAC.o
                0x000036ec                PD_SMAC_SapHandler
 .text.PLME_SMAC_SapHandler
                0x000039dc      0x414 ./ieee_802.15.4/smac/source/SMAC.o
                0x000039dc                PLME_SMAC_SapHandler
 .text.Smac_RegisterSapHandlers
                0x00003df0       0x38 ./ieee_802.15.4/smac/source/SMAC.o
                0x00003df0                Smac_RegisterSapHandlers
 .text.SMACFillHeader
                0x00003e28       0xe4 ./ieee_802.15.4/smac/source/SMAC.o
                0x00003e28                SMACFillHeader
 .text.InitSmac
                0x00003f0c      0x184 ./ieee_802.15.4/smac/source/SMAC.o
                0x00003f0c                InitSmac
 .text.SMACSetShortSrcAddress
                0x00004090       0xa8 ./ieee_802.15.4/smac/source/SMAC.o
                0x00004090                SMACSetShortSrcAddress
 .text.SMACSetPanID
                0x00004138       0xa8 ./ieee_802.15.4/smac/source/SMAC.o
                0x00004138                SMACSetPanID
 .text.BackoffTimeElapsed
                0x000041e0       0x7c ./ieee_802.15.4/smac/source/SMAC.o
 .text.SMACPacketCheck
                0x0000425c       0x60 ./ieee_802.15.4/smac/source/SMAC.o
 .text.SMAC_SetIVKey
                0x000042bc       0x58 ./ieee_802.15.4/smac/source/SMAC.o
                0x000042bc                SMAC_SetIVKey
 .text.SMAC_Encrypt
                0x00004314       0x60 ./ieee_802.15.4/smac/source/SMAC.o
 .text.SMAC_Decrypt
                0x00004374       0x60 ./ieee_802.15.4/smac/source/SMAC.o
 .text.NVIC_EnableIRQ
                0x000043d4       0x2c ./ieee_802.15.4/phy/source/MKW41Z/PhyISR.o
 .text.NVIC_ClearPendingIRQ
                0x00004400       0x30 ./ieee_802.15.4/phy/source/MKW41Z/PhyISR.o
 .text.NVIC_SetPriority
                0x00004430       0xdc ./ieee_802.15.4/phy/source/MKW41Z/PhyISR.o
 .text.ProtectFromXcvrInterrupt
                0x0000450c       0x3c ./ieee_802.15.4/phy/source/MKW41Z/PhyISR.o
                0x0000450c                ProtectFromXcvrInterrupt
 .text.UnprotectFromXcvrInterrupt
                0x00004548       0x44 ./ieee_802.15.4/phy/source/MKW41Z/PhyISR.o
                0x00004548                UnprotectFromXcvrInterrupt
 .text.PhyIsrPassRxParams
                0x0000458c       0x1c ./ieee_802.15.4/phy/source/MKW41Z/PhyISR.o
                0x0000458c                PhyIsrPassRxParams
 .text.PhyIsrSeqCleanup
                0x000045a8       0x5c ./ieee_802.15.4/phy/source/MKW41Z/PhyISR.o
 .text.PhyIsrTimeoutCleanup
                0x00004604       0x60 ./ieee_802.15.4/phy/source/MKW41Z/PhyISR.o
 .text.Phy_GetEnergyLevel
                0x00004664       0x58 ./ieee_802.15.4/phy/source/MKW41Z/PhyISR.o
                0x00004664                Phy_GetEnergyLevel
 .text.PhyGetLastRxRssiValue
                0x000046bc       0x44 ./ieee_802.15.4/phy/source/MKW41Z/PhyISR.o
                0x000046bc                PhyGetLastRxRssiValue
 .text.PHY_InterruptHandler
                0x00004700      0x340 ./ieee_802.15.4/phy/source/MKW41Z/PhyISR.o
                0x00004700                PHY_InterruptHandler
 .text.PHY_InstallIsr
                0x00004a40       0x30 ./ieee_802.15.4/phy/source/MKW41Z/PhyISR.o
                0x00004a40                PHY_InstallIsr
 .text.Phy_GetRxParams
                0x00004a70       0x74 ./ieee_802.15.4/phy/source/MKW41Z/PhyISR.o
 .text.Phy_LqiConvert
                0x00004ae4       0x48 ./ieee_802.15.4/phy/source/MKW41Z/PhyISR.o
 .text.PhyHwInit
                0x00004b2c      0x14c ./ieee_802.15.4/phy/source/MKW41Z/PhyPacketProcessor.o
                0x00004b2c                PhyHwInit
 .text.PhyAbort
                0x00004c78       0xac ./ieee_802.15.4/phy/source/MKW41Z/PhyPacketProcessor.o
                0x00004c78                PhyAbort
 .text.PhyPpGetState
                0x00004d24       0x1c ./ieee_802.15.4/phy/source/MKW41Z/PhyPacketProcessor.o
                0x00004d24                PhyPpGetState
 .text.PhyPpSetPanId
                0x00004d40       0x6c ./ieee_802.15.4/phy/source/MKW41Z/PhyPacketProcessor.o
                0x00004d40                PhyPpSetPanId
 .text.PhyPpSetShortAddr
                0x00004dac       0x70 ./ieee_802.15.4/phy/source/MKW41Z/PhyPacketProcessor.o
                0x00004dac                PhyPpSetShortAddr
 .text.PhyPpSetLongAddr
                0x00004e1c       0x60 ./ieee_802.15.4/phy/source/MKW41Z/PhyPacketProcessor.o
                0x00004e1c                PhyPpSetLongAddr
 .text.PhyPpSetMacRole
                0x00004e7c       0x90 ./ieee_802.15.4/phy/source/MKW41Z/PhyPacketProcessor.o
                0x00004e7c                PhyPpSetMacRole
 .text.PhyPpSetPromiscuous
                0x00004f0c       0x70 ./ieee_802.15.4/phy/source/MKW41Z/PhyPacketProcessor.o
                0x00004f0c                PhyPpSetPromiscuous
 .text.PhyPp_IndirectQueueInsert
                0x00004f7c       0x74 ./ieee_802.15.4/phy/source/MKW41Z/PhyPacketProcessor.o
                0x00004f7c                PhyPp_IndirectQueueInsert
 .text.PhyPp_RemoveFromIndirect
                0x00004ff0       0x64 ./ieee_802.15.4/phy/source/MKW41Z/PhyPacketProcessor.o
                0x00004ff0                PhyPp_RemoveFromIndirect
 .text.PhyPpIsTxAckDataPending
                0x00005054       0x4c ./ieee_802.15.4/phy/source/MKW41Z/PhyPacketProcessor.o
                0x00005054                PhyPpIsTxAckDataPending
 .text.PhyPlmeSetPwrState
                0x000050a0      0x128 ./ieee_802.15.4/phy/source/MKW41Z/PhyPacketProcessor.o
                0x000050a0                PhyPlmeSetPwrState
 .text.PhyPdDataRequest
                0x000051c8      0x194 ./ieee_802.15.4/phy/source/MKW41Z/PhyPlmeData.o
                0x000051c8                PhyPdDataRequest
 .text.PhyPlmeRxRequest
                0x0000535c      0x170 ./ieee_802.15.4/phy/source/MKW41Z/PhyPlmeData.o
                0x0000535c                PhyPlmeRxRequest
 .text.PhyPlmeCcaEdRequest
                0x000054cc      0x11c ./ieee_802.15.4/phy/source/MKW41Z/PhyPlmeData.o
                0x000054cc                PhyPlmeCcaEdRequest
 .text.PhyPlmeSetCurrentChannelRequest
                0x000055e8       0x8c ./ieee_802.15.4/phy/source/MKW41Z/PhyPlmeData.o
                0x000055e8                PhyPlmeSetCurrentChannelRequest
 .text.PhyPlmeGetCurrentChannelRequest
                0x00005674       0x3c ./ieee_802.15.4/phy/source/MKW41Z/PhyPlmeData.o
                0x00005674                PhyPlmeGetCurrentChannelRequest
 .text.PhyPlmeSetPwrLevelRequest
                0x000056b0       0x7c ./ieee_802.15.4/phy/source/MKW41Z/PhyPlmeData.o
                0x000056b0                PhyPlmeSetPwrLevelRequest
 .text.PhyPlmeGetPwrLevelRequest
                0x0000572c       0x34 ./ieee_802.15.4/phy/source/MKW41Z/PhyPlmeData.o
                0x0000572c                PhyPlmeGetPwrLevelRequest
 .text.PhyPlmeSetPIBRequest
                0x00005760      0x1c8 ./ieee_802.15.4/phy/source/MKW41Z/PhyPlmeData.o
                0x00005760                PhyPlmeSetPIBRequest
 .text.PhyPlmeGetPIBRequest
                0x00005928      0x3c4 ./ieee_802.15.4/phy/source/MKW41Z/PhyPlmeData.o
                0x00005928                PhyPlmeGetPIBRequest
 .text.PhyRxRetry
                0x00005cec       0x74 ./ieee_802.15.4/phy/source/MKW41Z/PhyPlmeData.o
 .text.Phy_Init
                0x00005d60       0x40 ./ieee_802.15.4/phy/source/MKW41Z/PhyStateMachine.o
                0x00005d60                Phy_Init
 .text.Phy_RegisterSapHandlers
                0x00005da0       0x24 ./ieee_802.15.4/phy/source/MKW41Z/PhyStateMachine.o
                0x00005da0                Phy_RegisterSapHandlers
 .text.Phy24Task
                0x00005dc4      0x174 ./ieee_802.15.4/phy/source/MKW41Z/PhyStateMachine.o
 .text.MAC_PD_SapHandler
                0x00005f38       0xb8 ./ieee_802.15.4/phy/source/MKW41Z/PhyStateMachine.o
                0x00005f38                MAC_PD_SapHandler
 .text.MAC_PLME_SapHandler
                0x00005ff0      0x1a4 ./ieee_802.15.4/phy/source/MKW41Z/PhyStateMachine.o
                0x00005ff0                MAC_PLME_SapHandler
 .text.Phy_HandlePdDataReq
                0x00006194      0x180 ./ieee_802.15.4/phy/source/MKW41Z/PhyStateMachine.o
 .text.Phy_SetSequenceTiming
                0x00006314       0xa4 ./ieee_802.15.4/phy/source/MKW41Z/PhyStateMachine.o
                0x00006314                Phy_SetSequenceTiming
 .text.Phy_EnterIdle
                0x000063b8       0x8c ./ieee_802.15.4/phy/source/MKW41Z/PhyStateMachine.o
 .text.PhyPlmeSetFrameWaitTime
                0x00006444       0x1c ./ieee_802.15.4/phy/source/MKW41Z/PhyStateMachine.o
                0x00006444                PhyPlmeSetFrameWaitTime
 .text.PhyPlmeSetRxOnWhenIdle
                0x00006460       0x88 ./ieee_802.15.4/phy/source/MKW41Z/PhyStateMachine.o
                0x00006460                PhyPlmeSetRxOnWhenIdle
 .text.PhyIsIdleRx
                0x000064e8       0x50 ./ieee_802.15.4/phy/source/MKW41Z/PhyStateMachine.o
                0x000064e8                PhyIsIdleRx
 .text.Radio_Phy_PdDataConfirm
                0x00006538       0x98 ./ieee_802.15.4/phy/source/MKW41Z/PhyStateMachine.o
                0x00006538                Radio_Phy_PdDataConfirm
 .text.Radio_Phy_PdDataIndication
                0x000065d0       0x24 ./ieee_802.15.4/phy/source/MKW41Z/PhyStateMachine.o
                0x000065d0                Radio_Phy_PdDataIndication
 .text.Radio_Phy_TimeWaitTimeoutIndication
                0x000065f4       0x14 ./ieee_802.15.4/phy/source/MKW41Z/PhyStateMachine.o
                0x000065f4                Radio_Phy_TimeWaitTimeoutIndication
 .text.Radio_Phy_PlmeCcaConfirm
                0x00006608       0x34 ./ieee_802.15.4/phy/source/MKW41Z/PhyStateMachine.o
                0x00006608                Radio_Phy_PlmeCcaConfirm
 .text.Radio_Phy_PlmeEdConfirm
                0x0000663c       0x34 ./ieee_802.15.4/phy/source/MKW41Z/PhyStateMachine.o
                0x0000663c                Radio_Phy_PlmeEdConfirm
 .text.Radio_Phy_TimeRxTimeoutIndication
                0x00006670       0x30 ./ieee_802.15.4/phy/source/MKW41Z/PhyStateMachine.o
                0x00006670                Radio_Phy_TimeRxTimeoutIndication
 .text.Radio_Phy_TimeStartEventIndication
                0x000066a0       0x10 ./ieee_802.15.4/phy/source/MKW41Z/PhyStateMachine.o
                0x000066a0                Radio_Phy_TimeStartEventIndication
 .text.Radio_Phy_PlmeRxWatermark
                0x000066b0       0xb8 ./ieee_802.15.4/phy/source/MKW41Z/PhyStateMachine.o
                0x000066b0                Radio_Phy_PlmeRxWatermark
 .text.Radio_Phy_PlmeSyncLossIndication
                0x00006768       0x1c ./ieee_802.15.4/phy/source/MKW41Z/PhyStateMachine.o
                0x00006768                Radio_Phy_PlmeSyncLossIndication
 .text.Radio_Phy_PlmeFilterFailRx
                0x00006784       0x10 ./ieee_802.15.4/phy/source/MKW41Z/PhyStateMachine.o
                0x00006784                Radio_Phy_PlmeFilterFailRx
 .text.PLME_SendMessage
                0x00006794       0xcc ./ieee_802.15.4/phy/source/MKW41Z/PhyStateMachine.o
 .text.PD_SendMessage
                0x00006860      0x1d4 ./ieee_802.15.4/phy/source/MKW41Z/PhyStateMachine.o
 .text.Phy_SendLatePLME
                0x00006a34       0x24 ./ieee_802.15.4/phy/source/MKW41Z/PhyStateMachine.o
 .text.Phy_SendLatePD
                0x00006a58       0x24 ./ieee_802.15.4/phy/source/MKW41Z/PhyStateMachine.o
 .text.Radio_Phy_Notify
                0x00006a7c       0x18 ./ieee_802.15.4/phy/source/MKW41Z/PhyStateMachine.o
                0x00006a7c                Radio_Phy_Notify
 .text.PhyTimeSetEventTrigger
                0x00006a94       0x68 ./ieee_802.15.4/phy/source/MKW41Z/PhyTime.o
                0x00006a94                PhyTimeSetEventTrigger
 .text.PhyTimeDisableEventTrigger
                0x00006afc       0x5c ./ieee_802.15.4/phy/source/MKW41Z/PhyTime.o
                0x00006afc                PhyTimeDisableEventTrigger
 .text.PhyTimeSetEventTimeout
                0x00006b58       0x74 ./ieee_802.15.4/phy/source/MKW41Z/PhyTime.o
                0x00006b58                PhyTimeSetEventTimeout
 .text.PhyTimeGetEventTimeout
                0x00006bcc       0x20 ./ieee_802.15.4/phy/source/MKW41Z/PhyTime.o
                0x00006bcc                PhyTimeGetEventTimeout
 .text.PhyTimeDisableEventTimeout
                0x00006bec       0x60 ./ieee_802.15.4/phy/source/MKW41Z/PhyTime.o
                0x00006bec                PhyTimeDisableEventTimeout
 .text.PhyTimeReadClock
                0x00006c4c       0x28 ./ieee_802.15.4/phy/source/MKW41Z/PhyTime.o
                0x00006c4c                PhyTimeReadClock
 .text.PhyTimeSetWaitTimeout
                0x00006c74       0x68 ./ieee_802.15.4/phy/source/MKW41Z/PhyTime.o
                0x00006c74                PhyTimeSetWaitTimeout
 .text.PhyTimeDisableWaitTimeout
                0x00006cdc       0x50 ./ieee_802.15.4/phy/source/MKW41Z/PhyTime.o
                0x00006cdc                PhyTimeDisableWaitTimeout
 .text.PhyTime_ISR
                0x00006d2c       0x54 ./ieee_802.15.4/phy/source/MKW41Z/PhyTime.o
                0x00006d2c                PhyTime_ISR
 .text.PhyTime_TimerInit
                0x00006d80       0x90 ./ieee_802.15.4/phy/source/MKW41Z/PhyTime.o
                0x00006d80                PhyTime_TimerInit
 .text.PhyTime_GetTimestamp
                0x00006e10       0x80 ./ieee_802.15.4/phy/source/MKW41Z/PhyTime.o
                0x00006e10                PhyTime_GetTimestamp
 .text.PhyTime_ScheduleEvent
                0x00006e90       0xec ./ieee_802.15.4/phy/source/MKW41Z/PhyTime.o
                0x00006e90                PhyTime_ScheduleEvent
 .text.PhyTime_RunCallback
                0x00006f7c       0x64 ./ieee_802.15.4/phy/source/MKW41Z/PhyTime.o
                0x00006f7c                PhyTime_RunCallback
 .text.PhyTime_Maintenance
                0x00006fe0       0x74 ./ieee_802.15.4/phy/source/MKW41Z/PhyTime.o
                0x00006fe0                PhyTime_Maintenance
 .text.PhyTime_OverflowCB
                0x00007054       0x50 ./ieee_802.15.4/phy/source/MKW41Z/PhyTime.o
 .text.PhyTime_GetNextEvent
                0x000070a4       0x74 ./ieee_802.15.4/phy/source/MKW41Z/PhyTime.o
 .text.XCVR_Init
                0x00007118      0x134 ./framework/XCVR/MKW41Z4/fsl_xcvr.o
                0x00007118                XCVR_Init
 .text.XCVR_GetDefaultConfig
                0x0000724c      0x170 ./framework/XCVR/MKW41Z4/fsl_xcvr.o
                0x0000724c                XCVR_GetDefaultConfig
 .text.XCVR_Configure
                0x000073bc      0x98c ./framework/XCVR/MKW41Z4/fsl_xcvr.o
                0x000073bc                XCVR_Configure
 .text.XcvrPanic
                0x00007d48       0x40 ./framework/XCVR/MKW41Z4/fsl_xcvr.o
                0x00007d48                XcvrPanic
 .text.XCVR_SetXtalTrim
                0x00007d88       0x68 ./framework/XCVR/MKW41Z4/fsl_xcvr.o
                0x00007d88                XCVR_SetXtalTrim
 .text.XCVR_OverrideChannel
                0x00007df0      0x13c ./framework/XCVR/MKW41Z4/fsl_xcvr.o
                0x00007df0                XCVR_OverrideChannel
 .text.XCVR_ForceRxWu
                0x00007f2c       0x1c ./framework/XCVR/MKW41Z4/fsl_xcvr.o
                0x00007f2c                XCVR_ForceRxWu
 .text.XCVR_ForceRxWd
                0x00007f48       0x1c ./framework/XCVR/MKW41Z4/fsl_xcvr.o
                0x00007f48                XCVR_ForceRxWd
 .text.calc_dcoc_dac_step
                0x00007f64       0x88 ./framework/XCVR/MKW41Z4/fsl_xcvr_trim.o
                0x00007f64                calc_dcoc_dac_step
 .text.XcvrCalDelay
                0x00007fec       0x20 ./framework/XCVR/MKW41Z4/fsl_xcvr_trim.o
                0x00007fec                XcvrCalDelay
 .text.rx_dc_est_average
                0x0000800c      0x1a4 ./framework/XCVR/MKW41Z4/fsl_xcvr_trim.o
                0x0000800c                rx_dc_est_average
 .text.rx_bba_dcoc_dac_trim_DCest
                0x000081b0      0x7d8 ./framework/XCVR/MKW41Z4/fsl_xcvr_trim.o
                0x000081b0                rx_bba_dcoc_dac_trim_DCest
 .text.DCOC_DAC_INIT_Cal
                0x00008988      0x680 ./framework/XCVR/MKW41Z4/fsl_xcvr_trim.o
                0x00008988                DCOC_DAC_INIT_Cal
 .text.read_first_ifr_word
                0x00009008       0x20 ./framework/XCVR/MKW41Z4/ifr_radio.o
                0x00009008                read_first_ifr_word
 .text.read_another_ifr_word
                0x00009028       0x2c ./framework/XCVR/MKW41Z4/ifr_radio.o
                0x00009028                read_another_ifr_word
 .text.read_resource_ifr
                0x00009054       0xd0 ./framework/XCVR/MKW41Z4/ifr_radio.o
                0x00009054                read_resource_ifr
 .text.store_sw_trim
                0x00009124       0x9c ./framework/XCVR/MKW41Z4/ifr_radio.o
                0x00009124                store_sw_trim
 .text.handle_ifr
                0x000091c0      0x184 ./framework/XCVR/MKW41Z4/ifr_radio.o
                0x000091c0                handle_ifr
 .text.NVIC_EnableIRQ
                0x00009344       0x2c ./framework/TimersManager/Source/TMR_Adapter.o
 .text.NVIC_ClearPendingIRQ
                0x00009370       0x30 ./framework/TimersManager/Source/TMR_Adapter.o
 .text.NVIC_SetPriority
                0x000093a0       0xdc ./framework/TimersManager/Source/TMR_Adapter.o
 .text.TPM_GetStatusFlags
                0x0000947c       0x14 ./framework/TimersManager/Source/TMR_Adapter.o
 .text.TPM_ClearStatusFlags
                0x00009490       0x18 ./framework/TimersManager/Source/TMR_Adapter.o
 .text.TPM_StartTimer
                0x000094a8       0x3c ./framework/TimersManager/Source/TMR_Adapter.o
 .text.TPM_StopTimer
                0x000094e4       0x2c ./framework/TimersManager/Source/TMR_Adapter.o
 .text.StackTimer_Init
                0x00009510       0xa0 ./framework/TimersManager/Source/TMR_Adapter.o
                0x00009510                StackTimer_Init
 .text.StackTimer_Enable
                0x000095b0       0x1c ./framework/TimersManager/Source/TMR_Adapter.o
                0x000095b0                StackTimer_Enable
 .text.StackTimer_Disable
                0x000095cc       0x18 ./framework/TimersManager/Source/TMR_Adapter.o
                0x000095cc                StackTimer_Disable
 .text.StackTimer_GetInputFrequency
                0x000095e4       0x24 ./framework/TimersManager/Source/TMR_Adapter.o
                0x000095e4                StackTimer_GetInputFrequency
 .text.StackTimer_GetCounterValue
                0x00009608       0x14 ./framework/TimersManager/Source/TMR_Adapter.o
                0x00009608                StackTimer_GetCounterValue
 .text.StackTimer_SetOffsetTicks
                0x0000961c       0x24 ./framework/TimersManager/Source/TMR_Adapter.o
                0x0000961c                StackTimer_SetOffsetTicks
 .text.StackTimer_ClearIntFlag
                0x00009640       0x30 ./framework/TimersManager/Source/TMR_Adapter.o
                0x00009640                StackTimer_ClearIntFlag
 .text.TMR_GetTimerStatus
                0x00009670       0x28 ./framework/TimersManager/Source/TimersManager.o
 .text.TMR_SetTimerStatus
                0x00009698       0x44 ./framework/TimersManager/Source/TimersManager.o
 .text.TMR_GetTimerType
                0x000096dc       0x28 ./framework/TimersManager/Source/TimersManager.o
 .text.TMR_SetTimerType
                0x00009704       0x44 ./framework/TimersManager/Source/TimersManager.o
 .text.TmrTicksFromMilliseconds
                0x00009748       0x4c ./framework/TimersManager/Source/TimersManager.o
                0x00009748                TmrTicksFromMilliseconds
 .text.TMR_Init
                0x00009794       0x80 ./framework/TimersManager/Source/TimersManager.o
                0x00009794                TMR_Init
 .text.TMR_NotifyClkChanged
                0x00009814       0x44 ./framework/TimersManager/Source/TimersManager.o
                0x00009814                TMR_NotifyClkChanged
 .text.TMR_AllocateTimer
                0x00009858       0x50 ./framework/TimersManager/Source/TimersManager.o
                0x00009858                TMR_AllocateTimer
 .text.StackTimer_ISR
                0x000098a8       0x24 ./framework/TimersManager/Source/TimersManager.o
 .text.TMR_IsTimerActive
                0x000098cc       0x28 ./framework/TimersManager/Source/TimersManager.o
                0x000098cc                TMR_IsTimerActive
 .text.TMR_StartTimer
                0x000098f4       0xf4 ./framework/TimersManager/Source/TimersManager.o
                0x000098f4                TMR_StartTimer
 .text.TMR_StartLowPowerTimer
                0x000099e8       0x44 ./framework/TimersManager/Source/TimersManager.o
                0x000099e8                TMR_StartLowPowerTimer
 .text.TMR_StartIntervalTimer
                0x00009a2c       0x34 ./framework/TimersManager/Source/TimersManager.o
                0x00009a2c                TMR_StartIntervalTimer
 .text.TMR_StartSingleShotTimer
                0x00009a60       0x34 ./framework/TimersManager/Source/TimersManager.o
                0x00009a60                TMR_StartSingleShotTimer
 .text.TMR_StopTimer
                0x00009a94       0xec ./framework/TimersManager/Source/TimersManager.o
                0x00009a94                TMR_StopTimer
 .text.TMR_Task
                0x00009b80      0x574 ./framework/TimersManager/Source/TimersManager.o
                0x00009b80                TMR_Task
 .text.TMR_EnableTimer
                0x0000a0f4       0x84 ./framework/TimersManager/Source/TimersManager.o
                0x0000a0f4                TMR_EnableTimer
 .text.NVIC_EnableIRQ
                0x0000a178       0x2c ./framework/SerialManager/Source/UART_Adapter/UART_Adapter.o
 .text.NVIC_SetPriority
                0x0000a1a4       0xdc ./framework/SerialManager/Source/UART_Adapter/UART_Adapter.o
 .text.LPUART_WriteByte
                0x0000a280       0x20 ./framework/SerialManager/Source/UART_Adapter/UART_Adapter.o
 .text.LPUART_ReadByte
                0x0000a2a0       0x18 ./framework/SerialManager/Source/UART_Adapter/UART_Adapter.o
 .text.LPUART_Initialize
                0x0000a2b8       0xec ./framework/SerialManager/Source/UART_Adapter/UART_Adapter.o
                0x0000a2b8                LPUART_Initialize
 .text.LPUART_SetBaudrate
                0x0000a3a4       0x44 ./framework/SerialManager/Source/UART_Adapter/UART_Adapter.o
                0x0000a3a4                LPUART_SetBaudrate
 .text.LPUART_SendData
                0x0000a3e8       0xc0 ./framework/SerialManager/Source/UART_Adapter/UART_Adapter.o
                0x0000a3e8                LPUART_SendData
 .text.LPUART_InstallRxCalback
                0x0000a4a8       0x44 ./framework/SerialManager/Source/UART_Adapter/UART_Adapter.o
                0x0000a4a8                LPUART_InstallRxCalback
 .text.LPUART_InstallTxCalback
                0x0000a4ec       0x44 ./framework/SerialManager/Source/UART_Adapter/UART_Adapter.o
                0x0000a4ec                LPUART_InstallTxCalback
 .text.LPUART_IsTxActive
                0x0000a530       0x58 ./framework/SerialManager/Source/UART_Adapter/UART_Adapter.o
                0x0000a530                LPUART_IsTxActive
 .text.LPUART_ISR
                0x0000a588      0x17c ./framework/SerialManager/Source/UART_Adapter/UART_Adapter.o
 .text.SerialManager_Init
                0x0000a704       0x80 ./framework/SerialManager/Source/SerialManager.o
                0x0000a704                SerialManager_Init
 .text.SerialManagerTask
                0x0000a784      0x188 ./framework/SerialManager/Source/SerialManager.o
                0x0000a784                SerialManagerTask
 .text.Serial_InitInterface
                0x0000a90c      0x130 ./framework/SerialManager/Source/SerialManager.o
                0x0000a90c                Serial_InitInterface
 .text.Serial_AsyncWrite
                0x0000aa3c      0x150 ./framework/SerialManager/Source/SerialManager.o
                0x0000aa3c                Serial_AsyncWrite
 .text.Serial_SyncWrite
                0x0000ab8c       0xa4 ./framework/SerialManager/Source/SerialManager.o
                0x0000ab8c                Serial_SyncWrite
 .text.Serial_Read
                0x0000ac30      0x12c ./framework/SerialManager/Source/SerialManager.o
                0x0000ac30                Serial_Read
 .text.Serial_RxBufferByteCount
                0x0000ad5c       0xf0 ./framework/SerialManager/Source/SerialManager.o
                0x0000ad5c                Serial_RxBufferByteCount
 .text.Serial_SetRxCallBack
                0x0000ae4c       0x70 ./framework/SerialManager/Source/SerialManager.o
                0x0000ae4c                Serial_SetRxCallBack
 .text.Serial_SetBaudRate
                0x0000aebc       0x88 ./framework/SerialManager/Source/SerialManager.o
                0x0000aebc                Serial_SetBaudRate
 .text.Serial_Print
                0x0000af44       0x7c ./framework/SerialManager/Source/SerialManager.o
                0x0000af44                Serial_Print
 .text.Serial_PrintHex
                0x0000afc0      0x1b0 ./framework/SerialManager/Source/SerialManager.o
                0x0000afc0                Serial_PrintHex
 .text.Serial_PrintDec
                0x0000b170       0xa8 ./framework/SerialManager/Source/SerialManager.o
                0x0000b170                Serial_PrintDec
 .text.Serial_WriteInternal
                0x0000b218      0x108 ./framework/SerialManager/Source/SerialManager.o
 .text.SerialManager_RxNotify
                0x0000b320       0xb0 ./framework/SerialManager/Source/SerialManager.o
                0x0000b320                SerialManager_RxNotify
 .text.SerialManager_TxNotify
                0x0000b3d0       0xd0 ./framework/SerialManager/Source/SerialManager.o
                0x0000b3d0                SerialManager_TxNotify
 .text.Serial_TxQueueMaintenance
                0x0000b4a0       0xf4 ./framework/SerialManager/Source/SerialManager.o
 .text.Serial_UartRxCb
                0x0000b594       0x54 ./framework/SerialManager/Source/SerialManager.o
 .text.Serial_UartTxCb
                0x0000b5e8       0x1c ./framework/SerialManager/Source/SerialManager.o
 .text.SecLib_Init
                0x0000b604       0x18 ./framework/SecLib/SecLib.o
                0x0000b604                SecLib_Init
 .text.AES_128_CBC_Encrypt_And_Pad
                0x0000b61c       0x7c ./framework/SecLib/SecLib.o
                0x0000b61c                AES_128_CBC_Encrypt_And_Pad
 .text.AES_128_CBC_Decrypt_And_Depad
                0x0000b698       0x58 ./framework/SecLib/SecLib.o
                0x0000b698                AES_128_CBC_Decrypt_And_Depad
 .text.NVIC_SystemReset
                0x0000b6f0       0x20 ./framework/Reset/Reset.o
 .text.ResetMCU
                0x0000b710        0xc ./framework/Reset/Reset.o
                0x0000b710                ResetMCU
 .text.NVIC_EnableIRQ
                0x0000b71c       0x2c ./framework/RNG/Source/RNG.o
 .text.EnableIRQ
                0x0000b748       0x2c ./framework/RNG/Source/RNG.o
 .text.RNG_Init
                0x0000b774       0xe0 ./framework/RNG/Source/RNG.o
                0x0000b774                RNG_Init
 .text.RNG_GetRandomNo
                0x0000b854       0x2c ./framework/RNG/Source/RNG.o
                0x0000b854                RNG_GetRandomNo
 .text.TRNG_ISR
                0x0000b880       0x3c ./framework/RNG/Source/RNG.o
 .text.panic    0x0000b8bc       0x18 ./framework/Panic/Source/Panic.o
                0x0000b8bc                panic
 .text.__assertion_failed
                0x0000b8d4       0x10 ./framework/Panic/Source/Panic.o
                0x0000b8d4                __assertion_failed
 .text.OSA_EnableIRQGlobal
                0x0000b8e4       0x2c ./framework/OSAbstraction/Source/fsl_os_abstraction_bm.o
                0x0000b8e4                OSA_EnableIRQGlobal
 .text.OSA_DisableIRQGlobal
                0x0000b910       0x1c ./framework/OSAbstraction/Source/fsl_os_abstraction_bm.o
                0x0000b910                OSA_DisableIRQGlobal
 .text.OSA_TaskGetId
                0x0000b92c       0x14 ./framework/OSAbstraction/Source/fsl_os_abstraction_bm.o
                0x0000b92c                OSA_TaskGetId
 .text.task_init
                0x0000b940       0x64 ./framework/OSAbstraction/Source/fsl_os_abstraction_bm.o
                0x0000b940                task_init
 .text.OSA_TaskCreate
                0x0000b9a4      0x104 ./framework/OSAbstraction/Source/fsl_os_abstraction_bm.o
                0x0000b9a4                OSA_TaskCreate
 .text.OSA_TimeInit
                0x0000baa8        0xc ./framework/OSAbstraction/Source/fsl_os_abstraction_bm.o
                0x0000baa8                OSA_TimeInit
 .text.OSA_EventCreate
                0x0000bab4       0x64 ./framework/OSAbstraction/Source/fsl_os_abstraction_bm.o
                0x0000bab4                OSA_EventCreate
 .text.OSA_EventSet
                0x0000bb18       0x54 ./framework/OSAbstraction/Source/fsl_os_abstraction_bm.o
                0x0000bb18                OSA_EventSet
 .text.OSA_EventWait
                0x0000bb6c       0xc4 ./framework/OSAbstraction/Source/fsl_os_abstraction_bm.o
                0x0000bb6c                OSA_EventWait
 .text.OSA_InterruptEnable
                0x0000bc30       0x10 ./framework/OSAbstraction/Source/fsl_os_abstraction_bm.o
                0x0000bc30                OSA_InterruptEnable
 .text.OSA_InterruptDisable
                0x0000bc40       0x10 ./framework/OSAbstraction/Source/fsl_os_abstraction_bm.o
                0x0000bc40                OSA_InterruptDisable
 .text.OSA_InstallIntHandler
                0x0000bc50       0x20 ./framework/OSAbstraction/Source/fsl_os_abstraction_bm.o
                0x0000bc50                OSA_InstallIntHandler
 .text.main     0x0000bc70       0x2c ./framework/OSAbstraction/Source/fsl_os_abstraction_bm.o
                0x0000bc70                main
 .text.osObjectAlloc
                0x0000bc9c       0x4c ./framework/OSAbstraction/Source/fsl_os_abstraction_bm.o
 .text.osObjectIsAllocated
                0x0000bce8       0x54 ./framework/OSAbstraction/Source/fsl_os_abstraction_bm.o
 .text.OSA_Init
                0x0000bd3c       0x10 ./framework/OSAbstraction/Source/fsl_os_abstraction_bm.o
                0x0000bd3c                OSA_Init
 .text.OSA_Start
                0x0000bd4c       0x50 ./framework/OSAbstraction/Source/fsl_os_abstraction_bm.o
                0x0000bd4c                OSA_Start
 .text.OSA_InsertTaskBefore
                0x0000bd9c       0x30 ./framework/OSAbstraction/Source/fsl_os_abstraction_bm.o
 .text.ListAddTailMsg
                0x0000bdcc       0x28 ./framework/Messaging/Source/Messaging.o
                0x0000bdcc                ListAddTailMsg
 .text.ListRemoveHeadMsg
                0x0000bdf4       0x2c ./framework/Messaging/Source/Messaging.o
                0x0000bdf4                ListRemoveHeadMsg
 .text.MEM_Init
                0x0000be20       0xc4 ./framework/MemManager/Source/MemManager.o
                0x0000be20                MEM_Init
 .text.MEM_BufferAllocWithId
                0x0000bee4       0xb8 ./framework/MemManager/Source/MemManager.o
                0x0000bee4                MEM_BufferAllocWithId
 .text.MEM_BufferFree
                0x0000bf9c       0xb0 ./framework/MemManager/Source/MemManager.o
                0x0000bf9c                MEM_BufferFree
 .text.ListInit
                0x0000c04c       0x2c ./framework/Lists/GenericList.o
                0x0000c04c                ListInit
 .text.ListAddTail
                0x0000c078       0x78 ./framework/Lists/GenericList.o
                0x0000c078                ListAddTail
 .text.ListRemoveHead
                0x0000c0f0       0x68 ./framework/Lists/GenericList.o
                0x0000c0f0                ListRemoveHead
 .text.LED_Init
                0x0000c158       0x2c ./framework/LED/Source/LED.o
                0x0000c158                LED_Init
 .text.LED_Operate
                0x0000c184       0x8c ./framework/LED/Source/LED.o
                0x0000c184                LED_Operate
 .text.LED_TurnOnLed
                0x0000c210       0x20 ./framework/LED/Source/LED.o
                0x0000c210                LED_TurnOnLed
 .text.LED_TurnOffLed
                0x0000c230       0x20 ./framework/LED/Source/LED.o
                0x0000c230                LED_TurnOffLed
 .text.LED_ToggleLed
                0x0000c250       0x20 ./framework/LED/Source/LED.o
                0x0000c250                LED_ToggleLed
 .text.LED_TurnOffAllLeds
                0x0000c270       0x10 ./framework/LED/Source/LED.o
                0x0000c270                LED_TurnOffAllLeds
 .text.LED_StopFlashingAllLeds
                0x0000c280       0x14 ./framework/LED/Source/LED.o
                0x0000c280                LED_StopFlashingAllLeds
 .text.LED_StartBlip
                0x0000c294       0x68 ./framework/LED/Source/LED.o
                0x0000c294                LED_StartBlip
 .text.LED_StopFlash
                0x0000c2fc       0x4c ./framework/LED/Source/LED.o
                0x0000c2fc                LED_StopFlash
 .text.LED_SetLed
                0x0000c348       0xb8 ./framework/LED/Source/LED.o
                0x0000c348                LED_SetLed
 .text.LED_StartFlashWithPeriod
                0x0000c400       0x58 ./framework/LED/Source/LED.o
                0x0000c400                LED_StartFlashWithPeriod
 .text.LED_StartSerialFlashWithPeriod
                0x0000c458       0x74 ./framework/LED/Source/LED.o
                0x0000c458                LED_StartSerialFlashWithPeriod
 .text.LED_StopSerialFlash
                0x0000c4cc       0x44 ./framework/LED/Source/LED.o
                0x0000c4cc                LED_StopSerialFlash
 .text.LED_GpioSet
                0x0000c510       0x48 ./framework/LED/Source/LED.o
 .text.LED_DecrementBlip
                0x0000c558       0x8c ./framework/LED/Source/LED.o
 .text.LED_FlashTimeout
                0x0000c5e4       0x74 ./framework/LED/Source/LED.o
 .text.GPIO_SetPinsOutput
                0x0000c658       0x18 ./framework/GPIO/GPIO_Adapter.o
 .text.GPIO_ClearPinsOutput
                0x0000c670       0x18 ./framework/GPIO/GPIO_Adapter.o
 .text.GPIO_TogglePinsOutput
                0x0000c688       0x18 ./framework/GPIO/GPIO_Adapter.o
 .text.PORT_SetPinConfig
                0x0000c6a0       0x38 ./framework/GPIO/GPIO_Adapter.o
 .text.PORT_SetPinMux
                0x0000c6d8       0x40 ./framework/GPIO/GPIO_Adapter.o
 .text.GpioSetPinMux
                0x0000c718       0x44 ./framework/GPIO/GPIO_Adapter.o
                0x0000c718                GpioSetPinMux
 .text.GpioSetPinOutput
                0x0000c75c       0x34 ./framework/GPIO/GPIO_Adapter.o
                0x0000c75c                GpioSetPinOutput
 .text.GpioClearPinOutput
                0x0000c790       0x34 ./framework/GPIO/GPIO_Adapter.o
                0x0000c790                GpioClearPinOutput
 .text.GpioTogglePinOutput
                0x0000c7c4       0x34 ./framework/GPIO/GPIO_Adapter.o
                0x0000c7c4                GpioTogglePinOutput
 .text.GpioOutputPinInit
                0x0000c7f8      0x10c ./framework/GPIO/GPIO_Adapter.o
                0x0000c7f8                GpioOutputPinInit
 .text.FLib_MemCpy
                0x0000c904       0x38 ./framework/FunctionLib/FunctionLib.o
                0x0000c904                FLib_MemCpy
 .text.FLib_MemCmp
                0x0000c93c       0x54 ./framework/FunctionLib/FunctionLib.o
                0x0000c93c                FLib_MemCmp
 .text.FLib_MemSet
                0x0000c990       0x38 ./framework/FunctionLib/FunctionLib.o
                0x0000c990                FLib_MemSet
 .text.NV_VerifyCrcOverHWParameters
                0x0000c9c8       0x50 ./framework/Flash/Internal/Flash_Adapter.o
 .text.NV_ComputeCrcOverHWParameters
                0x0000ca18       0xe0 ./framework/Flash/Internal/Flash_Adapter.o
 .text.NV_ReadHWParameters
                0x0000caf8       0x68 ./framework/Flash/Internal/Flash_Adapter.o
                0x0000caf8                NV_ReadHWParameters
 .text.CLOCK_EnableClock
                0x0000cb60       0x38 ./framework/DCDC/Source/DCDC.o
 .text.ADC16_EnableHardwareTrigger
                0x0000cb98       0x3c ./framework/DCDC/Source/DCDC.o
 .text.ADC16_GetChannelConversionValue
                0x0000cbd4       0x30 ./framework/DCDC/Source/DCDC.o
 .text.DCDC_MakeADCConversion
                0x0000cc04       0x44 ./framework/DCDC/Source/DCDC.o
 .text.DCDC_AdjustVbatDiv
                0x0000cc48       0x68 ./framework/DCDC/Source/DCDC.o
 .text.DCDC_Get1P8VOutputTargetAndVBatInmV
                0x0000ccb0       0xf0 ./framework/DCDC/Source/DCDC.o
 .text.DCDC_mVTo1P8OutputTargetBoost
                0x0000cda0      0x168 ./framework/DCDC/Source/DCDC.o
 .text.DCDC_mVTo1P8OutputTargetBuck
                0x0000cf08       0xe4 ./framework/DCDC/Source/DCDC.o
 .text.DCDC_mVToMcuVOutputTargetBoost
                0x0000cfec       0x8c ./framework/DCDC/Source/DCDC.o
                0x0000cfec                DCDC_mVToMcuVOutputTargetBoost
 .text.DCDC_GetOutputTargetsBoost
                0x0000d078       0xd4 ./framework/DCDC/Source/DCDC.o
 .text.DCDC_GetOutputTargetsBuck
                0x0000d14c       0x90 ./framework/DCDC/Source/DCDC.o
 .text.DCDC_VBatMonitorBoost
                0x0000d1dc      0x1c0 ./framework/DCDC/Source/DCDC.o
 .text.DCDC_VBatMonitorBuck
                0x0000d39c      0x1c4 ./framework/DCDC/Source/DCDC.o
 .text.DCDC_Init
                0x0000d560      0x220 ./framework/DCDC/Source/DCDC.o
                0x0000d560                DCDC_Init
 .text.CLOCK_EnableClock
                0x0000d780       0x38 ./drivers/fsl_adc16.o
 .text.ADC16_GetInstance
                0x0000d7b8       0x48 ./drivers/fsl_adc16.o
 .text.ADC16_Init
                0x0000d800      0x114 ./drivers/fsl_adc16.o
                0x0000d800                ADC16_Init
 .text.ADC16_DoAutoCalibration
                0x0000d914      0x11c ./drivers/fsl_adc16.o
                0x0000d914                ADC16_DoAutoCalibration
 .text.ADC16_SetChannelMuxMode
                0x0000da30       0x3c ./drivers/fsl_adc16.o
                0x0000da30                ADC16_SetChannelMuxMode
 .text.ADC16_SetHardwareCompareConfig
                0x0000da6c       0x8c ./drivers/fsl_adc16.o
                0x0000da6c                ADC16_SetHardwareCompareConfig
 .text.ADC16_SetHardwareAverage
                0x0000daf8       0x40 ./drivers/fsl_adc16.o
                0x0000daf8                ADC16_SetHardwareAverage
 .text.ADC16_GetStatusFlags
                0x0000db38       0x3c ./drivers/fsl_adc16.o
                0x0000db38                ADC16_GetStatusFlags
 .text.ADC16_SetChannelConfig
                0x0000db74       0x6c ./drivers/fsl_adc16.o
                0x0000db74                ADC16_SetChannelConfig
 .text.ADC16_GetChannelStatusFlags
                0x0000dbe0       0x40 ./drivers/fsl_adc16.o
                0x0000dbe0                ADC16_GetChannelStatusFlags
 .text.CLOCK_SetEr32kClock
                0x0000dc20       0x30 ./drivers/fsl_clock.o
 .text.CLOCK_GetMcgExtClkFreq
                0x0000dc50       0x70 ./drivers/fsl_clock.o
 .text.CLOCK_GetFllExtRefClkFreq
                0x0000dcc0       0xb8 ./drivers/fsl_clock.o
 .text.CLOCK_GetInternalRefClkSelectFreq
                0x0000dd78       0x40 ./drivers/fsl_clock.o
 .text.CLOCK_GetFllRefClkFreq
                0x0000ddb8       0x30 ./drivers/fsl_clock.o
 .text.CLOCK_GetOscRangeFromFreq
                0x0000dde8       0x4c ./drivers/fsl_clock.o
 .text.CLOCK_GetOsc0ErClkFreq
                0x0000de34       0x28 ./drivers/fsl_clock.o
                0x0000de34                CLOCK_GetOsc0ErClkFreq
 .text.CLOCK_SetSimConfig
                0x0000de5c       0x2c ./drivers/fsl_clock.o
                0x0000de5c                CLOCK_SetSimConfig
 .text.CLOCK_GetFllFreq
                0x0000de88       0x78 ./drivers/fsl_clock.o
                0x0000de88                CLOCK_GetFllFreq
 .text.CLOCK_GetInternalRefClkFreq
                0x0000df00       0x28 ./drivers/fsl_clock.o
                0x0000df00                CLOCK_GetInternalRefClkFreq
 .text.CLOCK_SetExternalRefClkConfig
                0x0000df28       0x80 ./drivers/fsl_clock.o
                0x0000df28                CLOCK_SetExternalRefClkConfig
 .text.CLOCK_SetInternalRefClkConfig
                0x0000dfa8      0x12c ./drivers/fsl_clock.o
                0x0000dfa8                CLOCK_SetInternalRefClkConfig
 .text.CLOCK_InitOsc0
                0x0000e0d4       0x6c ./drivers/fsl_clock.o
                0x0000e0d4                CLOCK_InitOsc0
 .text.CLOCK_SetFeeMode
                0x0000e140      0x144 ./drivers/fsl_clock.o
                0x0000e140                CLOCK_SetFeeMode
 .text.CLOCK_BootToFeeMode
                0x0000e284       0x50 ./drivers/fsl_clock.o
                0x0000e284                CLOCK_BootToFeeMode
 .text.DisableGlobalIRQ
                0x0000e2d4       0x1c ./drivers/fsl_common.o
 .text.EnableGlobalIRQ
                0x0000e2f0       0x1c ./drivers/fsl_common.o
 .text.InstallIRQHandler
                0x0000e30c       0x98 ./drivers/fsl_common.o
                0x0000e30c                InstallIRQHandler
 .text.DSPI_IsMaster
                0x0000e3a4       0x18 ./drivers/fsl_dspi.o
 .text.DSPI_CommonIRQHandler
                0x0000e3bc       0x40 ./drivers/fsl_dspi.o
 .text.SPI0_DriverIRQHandler
                0x0000e3fc       0x34 ./drivers/fsl_dspi.o
                0x0000e3fc                SPI0_DriverIRQHandler
 .text.SPI1_DriverIRQHandler
                0x0000e430       0x34 ./drivers/fsl_dspi.o
                0x0000e430                SPI1_DriverIRQHandler
 .text.GPIO_WritePinOutput
                0x0000e464       0x34 ./drivers/fsl_gpio.o
 .text.GPIO_PinInit
                0x0000e498       0x64 ./drivers/fsl_gpio.o
                0x0000e498                GPIO_PinInit
 .text.I2C_TransferCommonIRQHandler
                0x0000e4fc       0x54 ./drivers/fsl_i2c.o
 .text.I2C0_DriverIRQHandler
                0x0000e550       0x20 ./drivers/fsl_i2c.o
                0x0000e550                I2C0_DriverIRQHandler
 .text.I2C1_DriverIRQHandler
                0x0000e570       0x20 ./drivers/fsl_i2c.o
                0x0000e570                I2C1_DriverIRQHandler
 .text.CLOCK_EnableClock
                0x0000e590       0x38 ./drivers/fsl_lpuart.o
 .text.LPUART_GetInstance
                0x0000e5c8       0x48 ./drivers/fsl_lpuart.o
                0x0000e5c8                LPUART_GetInstance
 .text.LPUART_Init
                0x0000e610      0x28c ./drivers/fsl_lpuart.o
                0x0000e610                LPUART_Init
 .text.LPUART_GetDefaultConfig
                0x0000e89c       0x50 ./drivers/fsl_lpuart.o
                0x0000e89c                LPUART_GetDefaultConfig
 .text.LPUART_SetBaudRate
                0x0000e8ec      0x194 ./drivers/fsl_lpuart.o
                0x0000e8ec                LPUART_SetBaudRate
 .text.LPUART_EnableInterrupts
                0x0000ea80       0x3c ./drivers/fsl_lpuart.o
                0x0000ea80                LPUART_EnableInterrupts
 .text.LPUART_DisableInterrupts
                0x0000eabc       0x40 ./drivers/fsl_lpuart.o
                0x0000eabc                LPUART_DisableInterrupts
 .text.LPUART_GetEnabledInterrupts
                0x0000eafc       0x34 ./drivers/fsl_lpuart.o
                0x0000eafc                LPUART_GetEnabledInterrupts
 .text.LPUART_GetStatusFlags
                0x0000eb30       0x18 ./drivers/fsl_lpuart.o
                0x0000eb30                LPUART_GetStatusFlags
 .text.LPUART_ClearStatusFlags
                0x0000eb48       0x88 ./drivers/fsl_lpuart.o
                0x0000eb48                LPUART_ClearStatusFlags
 .text.LPUART0_DriverIRQHandler
                0x0000ebd0       0x24 ./drivers/fsl_lpuart.o
                0x0000ebd0                LPUART0_DriverIRQHandler
 .text.CLOCK_EnableClock
                0x0000ebf4       0x38 ./drivers/fsl_ltc.o
 .text.ltc_check_key_size
                0x0000ec2c       0x1c ./drivers/fsl_ltc.o
                0x0000ec2c                ltc_check_key_size
 .text.ltc_wait
                0x0000ec48       0x98 ./drivers/fsl_ltc.o
                0x0000ec48                ltc_wait
 .text.ltc_clear_all
                0x0000ece0       0x20 ./drivers/fsl_ltc.o
                0x0000ece0                ltc_clear_all
 .text.ltc_memcpy
                0x0000ed00       0x30 ./drivers/fsl_ltc.o
                0x0000ed00                ltc_memcpy
 .text.ltc_get_word_from_unaligned
                0x0000ed30       0x40 ./drivers/fsl_ltc.o
 .text.ltc_set_unaligned_from_word
                0x0000ed70       0x54 ./drivers/fsl_ltc.o
 .text.ltc_set_key
                0x0000edc4       0x50 ./drivers/fsl_ltc.o
 .text.ltc_set_context
                0x0000ee14       0xac ./drivers/fsl_ltc.o
                0x0000ee14                ltc_set_context
 .text.ltc_symmetric_alg_state
                0x0000eec0       0x74 ./drivers/fsl_ltc.o
 .text.ltc_symmetric_update
                0x0000ef34       0x40 ./drivers/fsl_ltc.o
                0x0000ef34                ltc_symmetric_update
 .text.ltc_symmetric_process
                0x0000ef74       0xe8 ./drivers/fsl_ltc.o
                0x0000ef74                ltc_symmetric_process
 .text.ltc_symmetric_process_data
                0x0000f05c       0x84 ./drivers/fsl_ltc.o
                0x0000f05c                ltc_symmetric_process_data
 .text.ltc_process_message_in_sessions
                0x0000f0e0       0x90 ./drivers/fsl_ltc.o
 .text.LTC_Init
                0x0000f170       0x1c ./drivers/fsl_ltc.o
                0x0000f170                LTC_Init
 .text.LTC_AES_EncryptCbc
                0x0000f18c       0x88 ./drivers/fsl_ltc.o
                0x0000f18c                LTC_AES_EncryptCbc
 .text.LTC_AES_DecryptCbc
                0x0000f214       0xa0 ./drivers/fsl_ltc.o
                0x0000f214                LTC_AES_DecryptCbc
 .text.CLOCK_EnableClock
                0x0000f2b4       0x38 ./drivers/fsl_tpm.o
 .text.TPM_GetInstance
                0x0000f2ec       0x54 ./drivers/fsl_tpm.o
 .text.TPM_Init
                0x0000f340       0xec ./drivers/fsl_tpm.o
                0x0000f340                TPM_Init
 .text.TPM_SetupOutputCompare
                0x0000f42c      0x13c ./drivers/fsl_tpm.o
                0x0000f42c                TPM_SetupOutputCompare
 .text.TPM_EnableInterrupts
                0x0000f568       0x84 ./drivers/fsl_tpm.o
                0x0000f568                TPM_EnableInterrupts
 .text.CLOCK_EnableClock
                0x0000f5ec       0x38 ./drivers/fsl_trng.o
 .text.trng_GetInstance
                0x0000f624       0x48 ./drivers/fsl_trng.o
 .text.TRNG_GetDefaultConfig
                0x0000f66c       0xe0 ./drivers/fsl_trng.o
                0x0000f66c                TRNG_GetDefaultConfig
 .text.trng_SetRetryCount
                0x0000f74c       0x50 ./drivers/fsl_trng.o
 .text.trng_SetStatisticalCheckLimit
                0x0000f79c      0x31c ./drivers/fsl_trng.o
 .text.trng_ApplyUserConfig
                0x0000fab8      0x1c4 ./drivers/fsl_trng.o
 .text.trng_ReadEntropy
                0x0000fc7c       0x34 ./drivers/fsl_trng.o
 .text.TRNG_Init
                0x0000fcb0       0xb8 ./drivers/fsl_trng.o
                0x0000fcb0                TRNG_Init
 .text.TRNG_GetRandomData
                0x0000fd68       0xec ./drivers/fsl_trng.o
                0x0000fd68                TRNG_GetRandomData
 .text.CLOCK_EnableClock
                0x0000fe54       0x38 ./board/board.o
 .text.hardware_init
                0x0000fe8c      0x220 ./board/board.o
                0x0000fe8c                hardware_init
 .text.NMI_Handler
                0x000100ac       0x20 ./board/board.o
                0x000100ac                NMI_Handler
 .text.BOARD_DCDCInit
                0x000100cc       0x18 ./board/board.o
                0x000100cc                BOARD_DCDCInit
 .text.BOARD_GetLpuartClock
                0x000100e4       0x5c ./board/board.o
                0x000100e4                BOARD_GetLpuartClock
 .text.BOARD_GetTpmClock
                0x00010140       0x5c ./board/board.o
                0x00010140                BOARD_GetTpmClock
 .text.CLOCK_EnableClock
                0x0001019c       0x38 ./board/clock_config.o
 .text.CLOCK_DisableClock
                0x000101d4       0x38 ./board/clock_config.o
 .text.CLOCK_SetLpuartClock
                0x0001020c       0x38 ./board/clock_config.o
 .text.CLOCK_SetTpmClock
                0x00010244       0x38 ./board/clock_config.o
 .text.CLOCK_SetSimSafeDivs
                0x0001027c       0x1c ./board/clock_config.o
 .text.CLOCK_SetXtal0Freq
                0x00010298       0x1c ./board/clock_config.o
 .text.CLOCK_SetXtal32Freq
                0x000102b4       0x1c ./board/clock_config.o
 .text.RTC_SetOscCapLoad
                0x000102d0       0x34 ./board/clock_config.o
 .text.CLOCK_CONFIG_FllStableDelay
                0x00010304       0x24 ./board/clock_config.o
 .text.CLOCK_CONFIG_SetRtcClock
                0x00010328       0x4c ./board/clock_config.o
 .text.CLOCK_CONFIG_EnableRtcOsc
                0x00010374       0x50 ./board/clock_config.o
 .text.BOARD_RfOscInit
                0x000103c4       0xc8 ./board/clock_config.o
                0x000103c4                BOARD_RfOscInit
 .text.BOARD_InitOsc0
                0x0001048c       0x30 ./board/clock_config.o
                0x0001048c                BOARD_InitOsc0
 .text.BOARD_BootClockRUN
                0x000104bc       0x6c ./board/clock_config.o
                0x000104bc                BOARD_BootClockRUN
 .text.CLOCK_EnableClock
                0x00010528       0x38 ./board/pin_mux.o
 .text.PORT_SetPinMux
                0x00010560       0x40 ./board/pin_mux.o
 .text.BOARD_InitLEDs
                0x000105a0       0x78 ./board/pin_mux.o
                0x000105a0                BOARD_InitLEDs
 .text.BOARD_InitLPUART
                0x00010618       0x4c ./board/pin_mux.o
                0x00010618                BOARD_InitLPUART
 .text.SystemInit
                0x00010664       0x18 ./CMSIS/system_MKW41Z4.o
                0x00010664                SystemInit
 .text.roundf   0x0001067c       0x4c /usr/local/mcuxpressoide-10.0.2_411/ide/tools/bin/../lib/gcc/arm-none-eabi/5.4.1/../../../../arm-none-eabi/lib/armv6-m/libm.a(lib_a-sf_round.o)
                0x0001067c                roundf
 .text.exit     0x000106c8       0x20 /usr/local/mcuxpressoide-10.0.2_411/ide/tools/bin/../lib/gcc/arm-none-eabi/5.4.1/../../../../arm-none-eabi/lib/armv6-m/libc.a(lib_a-exit.o)
                0x000106c8                exit
 .text.__libc_init_array
                0x000106e8       0x48 /usr/local/mcuxpressoide-10.0.2_411/ide/tools/bin/../lib/gcc/arm-none-eabi/5.4.1/../../../../arm-none-eabi/lib/armv6-m/libc.a(lib_a-init.o)
                0x000106e8                __libc_init_array
 .text.memcpy   0x00010730       0x7c /usr/local/mcuxpressoide-10.0.2_411/ide/tools/bin/../lib/gcc/arm-none-eabi/5.4.1/../../../../arm-none-eabi/lib/armv6-m/libc.a(lib_a-memcpy-stub.o)
                0x00010730                memcpy
 .text.memset   0x000107ac       0x8c /usr/local/mcuxpressoide-10.0.2_411/ide/tools/bin/../lib/gcc/arm-none-eabi/5.4.1/../../../../arm-none-eabi/lib/armv6-m/libc.a(lib_a-memset.o)
                0x000107ac                memset
 .text.strlen   0x00010838       0x68 /usr/local/mcuxpressoide-10.0.2_411/ide/tools/bin/../lib/gcc/arm-none-eabi/5.4.1/../../../../arm-none-eabi/lib/armv6-m/libc.a(lib_a-strlen-stub.o)
                0x00010838                strlen
 .text.startup.register_fini
                0x000108a0       0x18 /usr/local/mcuxpressoide-10.0.2_411/ide/tools/bin/../lib/gcc/arm-none-eabi/5.4.1/../../../../arm-none-eabi/lib/armv6-m/libc.a(lib_a-__call_atexit.o)
 .text.__call_exitprocs
                0x000108b8       0xfc /usr/local/mcuxpressoide-10.0.2_411/ide/tools/bin/../lib/gcc/arm-none-eabi/5.4.1/../../../../arm-none-eabi/lib/armv6-m/libc.a(lib_a-__call_atexit.o)
                0x000108b8                __call_exitprocs
 .text.atexit   0x000109b4       0x10 /usr/local/mcuxpressoide-10.0.2_411/ide/tools/bin/../lib/gcc/arm-none-eabi/5.4.1/../../../../arm-none-eabi/lib/armv6-m/libc.a(lib_a-atexit.o)
                0x000109b4                atexit
 .text.__libc_fini_array
                0x000109c4       0x34 /usr/local/mcuxpressoide-10.0.2_411/ide/tools/bin/../lib/gcc/arm-none-eabi/5.4.1/../../../../arm-none-eabi/lib/armv6-m/libc.a(lib_a-fini.o)
                0x000109c4                __libc_fini_array
 .text.__register_exitproc
                0x000109f8       0xd4 /usr/local/mcuxpressoide-10.0.2_411/ide/tools/bin/../lib/gcc/arm-none-eabi/5.4.1/../../../../arm-none-eabi/lib/armv6-m/libc.a(lib_a-__atexit.o)
                0x000109f8                __register_exitproc
 .text._exit    0x00010acc        0x4 /usr/local/mcuxpressoide-10.0.2_411/ide/tools/bin/../lib/gcc/arm-none-eabi/5.4.1/../../../../arm-none-eabi/lib/armv6-m/libnosys.a(_exit.o)
                0x00010acc                _exit
 *(.rodata)
 .rodata        0x00010ad0      0x45f ./source/wireless_messenger.o
 *fill*         0x00010f2f        0x1 
 .rodata        0x00010f30      0x7e6 ./source/wireless_messenger_menus.o
 *fill*         0x00011716        0x2 
 .rodata        0x00011718        0xe ./ieee_802.15.4/smac/source/SMAC.o
 *fill*         0x00011726        0x2 
 .rodata        0x00011728       0x18 ./framework/XCVR/MKW41Z4/fsl_xcvr.o
 .rodata        0x00011740        0xe ./framework/TimersManager/Source/TimersManager.o
 *fill*         0x0001174e        0x2 
 .rodata        0x00011750       0x12 ./framework/SerialManager/Source/SerialManager.o
 *fill*         0x00011762        0x2 
 .rodata        0x00011764        0xa ./framework/OSAbstraction/Source/fsl_os_abstraction_bm.o
 *fill*         0x0001176e        0x2 
 .rodata        0x00011770       0x1e ./framework/ModuleInfo/ModuleInfo.o
 *fill*         0x0001178e        0x2 
 .rodata        0x00011790       0x69 ./framework/GPIO/GPIO_Adapter.o
 *fill*         0x000117f9        0x3 
 .rodata        0x000117fc       0x7e ./framework/DCDC/Source/DCDC.o
 *fill*         0x0001187a        0x2 
 .rodata        0x0001187c      0x13a ./drivers/fsl_adc16.o
 *fill*         0x000119b6        0x2 
 .rodata        0x000119b8       0xd9 ./drivers/fsl_clock.o
 *fill*         0x00011a91        0x3 
 .rodata        0x00011a94      0x46d ./drivers/fsl_dspi.o
 *fill*         0x00011f01        0x3 
 .rodata        0x00011f04       0xc7 ./drivers/fsl_gpio.o
 *fill*         0x00011fcb        0x1 
 .rodata        0x00011fcc      0x4da ./drivers/fsl_lpuart.o
 *fill*         0x000124a6        0x2 
 .rodata        0x000124a8      0x473 ./drivers/fsl_tpm.o
 *fill*         0x0001291b        0x1 
 .rodata        0x0001291c       0x40 ./drivers/fsl_trng.o
 .rodata        0x0001295c       0x80 /usr/local/mcuxpressoide-10.0.2_411/ide/tools/bin/../lib/gcc/arm-none-eabi/5.4.1/armv6-m/libgcc.a(divsf3.o)
 .rodata        0x000129dc       0x40 /usr/local/mcuxpressoide-10.0.2_411/ide/tools/bin/../lib/gcc/arm-none-eabi/5.4.1/armv6-m/libgcc.a(mulsf3.o)
 *(.rodata*)
 .rodata.SerialUIStateMachine
                0x00012a1c       0x18 ./source/wireless_messenger.o
 .rodata.ConfigureWM
                0x00012a34       0x1c ./source/wireless_messenger.o
 .rodata.ConsoleWM
                0x00012a50       0x18 ./source/wireless_messenger.o
 .rodata.ShortCutsParser
                0x00012a68       0x68 ./source/wireless_messenger.o
 .rodata.cu8Logo
                0x00012ad0       0x3c ./source/wireless_messenger_menus.o
                0x00012ad0                cu8Logo
 .rodata.cu8MainMenu
                0x00012b0c       0x54 ./source/wireless_messenger_menus.o
                0x00012b0c                cu8MainMenu
 .rodata.cu8ConfigMenu
                0x00012b60       0x2c ./source/wireless_messenger_menus.o
                0x00012b60                cu8ConfigMenu
 .rodata.cu8ShortCutsBar
                0x00012b8c       0x18 ./source/wireless_messenger_menus.o
                0x00012b8c                cu8ShortCutsBar
 .rodata.PHY_InterruptHandler
                0x00012ba4       0x18 ./ieee_802.15.4/phy/source/MKW41Z/PhyISR.o
 .rodata.PhyPlmeSetPIBRequest
                0x00012bbc       0x44 ./ieee_802.15.4/phy/source/MKW41Z/PhyPlmeData.o
 .rodata.PhyPlmeGetPIBRequest
                0x00012c00       0x44 ./ieee_802.15.4/phy/source/MKW41Z/PhyPlmeData.o
 .rodata.gPhyPoolId
                0x00012c44        0x1 ./ieee_802.15.4/phy/source/MKW41Z/PhyStateMachine.o
                0x00012c44                gPhyPoolId
 *fill*         0x00012c45        0x3 
 .rodata.MAC_PLME_SapHandler
                0x00012c48       0x24 ./ieee_802.15.4/phy/source/MKW41Z/PhyStateMachine.o
 .rodata.ant_mode_config
                0x00012c6c       0x48 ./framework/XCVR/MKW41Z4/cfgs_kw4x_3x_2x/fsl_xcvr_ant_config.o
                0x00012c6c                ant_mode_config
 .rodata.xcvr_ANT_1mbps_config
                0x00012cb4       0x68 ./framework/XCVR/MKW41Z4/cfgs_kw4x_3x_2x/fsl_xcvr_ant_config.o
                0x00012cb4                xcvr_ANT_1mbps_config
 .rodata.ble_mode_config
                0x00012d1c       0x48 ./framework/XCVR/MKW41Z4/cfgs_kw4x_3x_2x/fsl_xcvr_ble_config.o
                0x00012d1c                ble_mode_config
 .rodata.xcvr_BLE_1mbps_config
                0x00012d64       0x68 ./framework/XCVR/MKW41Z4/cfgs_kw4x_3x_2x/fsl_xcvr_ble_config.o
                0x00012d64                xcvr_BLE_1mbps_config
 .rodata.xcvr_common_config
                0x00012dcc      0x23c ./framework/XCVR/MKW41Z4/cfgs_kw4x_3x_2x/fsl_xcvr_common_config.o
                0x00012dcc                xcvr_common_config
 .rodata.gfsk_bt_0p3_h_0p5_mode_config
                0x00013008       0x48 ./framework/XCVR/MKW41Z4/cfgs_kw4x_3x_2x/fsl_xcvr_gfsk_bt_0p3_h_0p5_config.o
                0x00013008                gfsk_bt_0p3_h_0p5_mode_config
 .rodata.xcvr_GFSK_BT_0p3_h_0p5_1mbps_config
                0x00013050       0x68 ./framework/XCVR/MKW41Z4/cfgs_kw4x_3x_2x/fsl_xcvr_gfsk_bt_0p3_h_0p5_config.o
                0x00013050                xcvr_GFSK_BT_0p3_h_0p5_1mbps_config
 .rodata.xcvr_GFSK_BT_0p3_h_0p5_500kbps_config
                0x000130b8       0x68 ./framework/XCVR/MKW41Z4/cfgs_kw4x_3x_2x/fsl_xcvr_gfsk_bt_0p3_h_0p5_config.o
                0x000130b8                xcvr_GFSK_BT_0p3_h_0p5_500kbps_config
 .rodata.xcvr_GFSK_BT_0p3_h_0p5_250kbps_config
                0x00013120       0x68 ./framework/XCVR/MKW41Z4/cfgs_kw4x_3x_2x/fsl_xcvr_gfsk_bt_0p3_h_0p5_config.o
                0x00013120                xcvr_GFSK_BT_0p3_h_0p5_250kbps_config
 .rodata.gfsk_bt_0p5_h_0p32_mode_config
                0x00013188       0x48 ./framework/XCVR/MKW41Z4/cfgs_kw4x_3x_2x/fsl_xcvr_gfsk_bt_0p5_h_0p32_config.o
                0x00013188                gfsk_bt_0p5_h_0p32_mode_config
 .rodata.xcvr_GFSK_BT_0p5_h_0p32_1mbps_config
                0x000131d0       0x68 ./framework/XCVR/MKW41Z4/cfgs_kw4x_3x_2x/fsl_xcvr_gfsk_bt_0p5_h_0p32_config.o
                0x000131d0                xcvr_GFSK_BT_0p5_h_0p32_1mbps_config
 .rodata.xcvr_GFSK_BT_0p5_h_0p32_500kbps_config
                0x00013238       0x68 ./framework/XCVR/MKW41Z4/cfgs_kw4x_3x_2x/fsl_xcvr_gfsk_bt_0p5_h_0p32_config.o
                0x00013238                xcvr_GFSK_BT_0p5_h_0p32_500kbps_config
 .rodata.xcvr_GFSK_BT_0p5_h_0p32_250kbps_config
                0x000132a0       0x68 ./framework/XCVR/MKW41Z4/cfgs_kw4x_3x_2x/fsl_xcvr_gfsk_bt_0p5_h_0p32_config.o
                0x000132a0                xcvr_GFSK_BT_0p5_h_0p32_250kbps_config
 .rodata.gfsk_bt_0p5_h_0p5_mode_config
                0x00013308       0x48 ./framework/XCVR/MKW41Z4/cfgs_kw4x_3x_2x/fsl_xcvr_gfsk_bt_0p5_h_0p5_config.o
                0x00013308                gfsk_bt_0p5_h_0p5_mode_config
 .rodata.xcvr_GFSK_BT_0p5_h_0p5_1mbps_config
                0x00013350       0x68 ./framework/XCVR/MKW41Z4/cfgs_kw4x_3x_2x/fsl_xcvr_gfsk_bt_0p5_h_0p5_config.o
                0x00013350                xcvr_GFSK_BT_0p5_h_0p5_1mbps_config
 .rodata.xcvr_GFSK_BT_0p5_h_0p5_500kbps_config
                0x000133b8       0x68 ./framework/XCVR/MKW41Z4/cfgs_kw4x_3x_2x/fsl_xcvr_gfsk_bt_0p5_h_0p5_config.o
                0x000133b8                xcvr_GFSK_BT_0p5_h_0p5_500kbps_config
 .rodata.xcvr_GFSK_BT_0p5_h_0p5_250kbps_config
                0x00013420       0x68 ./framework/XCVR/MKW41Z4/cfgs_kw4x_3x_2x/fsl_xcvr_gfsk_bt_0p5_h_0p5_config.o
                0x00013420                xcvr_GFSK_BT_0p5_h_0p5_250kbps_config
 .rodata.gfsk_bt_0p5_h_0p7_mode_config
                0x00013488       0x48 ./framework/XCVR/MKW41Z4/cfgs_kw4x_3x_2x/fsl_xcvr_gfsk_bt_0p5_h_0p7_config.o
                0x00013488                gfsk_bt_0p5_h_0p7_mode_config
 .rodata.xcvr_GFSK_BT_0p5_h_0p7_1mbps_config
                0x000134d0       0x68 ./framework/XCVR/MKW41Z4/cfgs_kw4x_3x_2x/fsl_xcvr_gfsk_bt_0p5_h_0p7_config.o
                0x000134d0                xcvr_GFSK_BT_0p5_h_0p7_1mbps_config
 .rodata.xcvr_GFSK_BT_0p5_h_0p7_500kbps_config
                0x00013538       0x68 ./framework/XCVR/MKW41Z4/cfgs_kw4x_3x_2x/fsl_xcvr_gfsk_bt_0p5_h_0p7_config.o
                0x00013538                xcvr_GFSK_BT_0p5_h_0p7_500kbps_config
 .rodata.xcvr_GFSK_BT_0p5_h_0p7_250kbps_config
                0x000135a0       0x68 ./framework/XCVR/MKW41Z4/cfgs_kw4x_3x_2x/fsl_xcvr_gfsk_bt_0p5_h_0p7_config.o
                0x000135a0                xcvr_GFSK_BT_0p5_h_0p7_250kbps_config
 .rodata.gfsk_bt_0p5_h_1p0_mode_config
                0x00013608       0x48 ./framework/XCVR/MKW41Z4/cfgs_kw4x_3x_2x/fsl_xcvr_gfsk_bt_0p5_h_1p0_config.o
                0x00013608                gfsk_bt_0p5_h_1p0_mode_config
 .rodata.xcvr_GFSK_BT_0p5_h_1p0_1mbps_config
                0x00013650       0x68 ./framework/XCVR/MKW41Z4/cfgs_kw4x_3x_2x/fsl_xcvr_gfsk_bt_0p5_h_1p0_config.o
                0x00013650                xcvr_GFSK_BT_0p5_h_1p0_1mbps_config
 .rodata.xcvr_GFSK_BT_0p5_h_1p0_500kbps_config
                0x000136b8       0x68 ./framework/XCVR/MKW41Z4/cfgs_kw4x_3x_2x/fsl_xcvr_gfsk_bt_0p5_h_1p0_config.o
                0x000136b8                xcvr_GFSK_BT_0p5_h_1p0_500kbps_config
 .rodata.xcvr_GFSK_BT_0p5_h_1p0_250kbps_config
                0x00013720       0x68 ./framework/XCVR/MKW41Z4/cfgs_kw4x_3x_2x/fsl_xcvr_gfsk_bt_0p5_h_1p0_config.o
                0x00013720                xcvr_GFSK_BT_0p5_h_1p0_250kbps_config
 .rodata.gfsk_bt_0p7_h_0p5_mode_config
                0x00013788       0x48 ./framework/XCVR/MKW41Z4/cfgs_kw4x_3x_2x/fsl_xcvr_gfsk_bt_0p7_h_0p5_config.o
                0x00013788                gfsk_bt_0p7_h_0p5_mode_config
 .rodata.xcvr_GFSK_BT_0p7_h_0p5_1mbps_config
                0x000137d0       0x68 ./framework/XCVR/MKW41Z4/cfgs_kw4x_3x_2x/fsl_xcvr_gfsk_bt_0p7_h_0p5_config.o
                0x000137d0                xcvr_GFSK_BT_0p7_h_0p5_1mbps_config
 .rodata.xcvr_GFSK_BT_0p7_h_0p5_500kbps_config
                0x00013838       0x68 ./framework/XCVR/MKW41Z4/cfgs_kw4x_3x_2x/fsl_xcvr_gfsk_bt_0p7_h_0p5_config.o
                0x00013838                xcvr_GFSK_BT_0p7_h_0p5_500kbps_config
 .rodata.xcvr_GFSK_BT_0p7_h_0p5_250kbps_config
                0x000138a0       0x68 ./framework/XCVR/MKW41Z4/cfgs_kw4x_3x_2x/fsl_xcvr_gfsk_bt_0p7_h_0p5_config.o
                0x000138a0                xcvr_GFSK_BT_0p7_h_0p5_250kbps_config
 .rodata.xcvr_1mbps_config
                0x00013908       0x40 ./framework/XCVR/MKW41Z4/cfgs_kw4x_3x_2x/fsl_xcvr_mode_datarate_config.o
                0x00013908                xcvr_1mbps_config
 .rodata.xcvr_500kbps_config
                0x00013948       0x40 ./framework/XCVR/MKW41Z4/cfgs_kw4x_3x_2x/fsl_xcvr_mode_datarate_config.o
                0x00013948                xcvr_500kbps_config
 .rodata.xcvr_250kbps_config
                0x00013988       0x40 ./framework/XCVR/MKW41Z4/cfgs_kw4x_3x_2x/fsl_xcvr_mode_datarate_config.o
                0x00013988                xcvr_250kbps_config
 .rodata.msk_mode_config
                0x000139c8       0x48 ./framework/XCVR/MKW41Z4/cfgs_kw4x_3x_2x/fsl_xcvr_msk_config.o
                0x000139c8                msk_mode_config
 .rodata.xcvr_MSK_1mbps_config
                0x00013a10       0x68 ./framework/XCVR/MKW41Z4/cfgs_kw4x_3x_2x/fsl_xcvr_msk_config.o
                0x00013a10                xcvr_MSK_1mbps_config
 .rodata.xcvr_MSK_500kbps_config
                0x00013a78       0x68 ./framework/XCVR/MKW41Z4/cfgs_kw4x_3x_2x/fsl_xcvr_msk_config.o
                0x00013a78                xcvr_MSK_500kbps_config
 .rodata.xcvr_MSK_250kbps_config
                0x00013ae0       0x68 ./framework/XCVR/MKW41Z4/cfgs_kw4x_3x_2x/fsl_xcvr_msk_config.o
                0x00013ae0                xcvr_MSK_250kbps_config
 .rodata.zgbe_mode_config
                0x00013b48       0x48 ./framework/XCVR/MKW41Z4/cfgs_kw4x_3x_2x/fsl_xcvr_zgbe_config.o
                0x00013b48                zgbe_mode_config
 .rodata.xcvr_ZIGBEE_500kbps_config
                0x00013b90       0x68 ./framework/XCVR/MKW41Z4/cfgs_kw4x_3x_2x/fsl_xcvr_zgbe_config.o
                0x00013b90                xcvr_ZIGBEE_500kbps_config
 .rodata.xcvr_802_15_4_500kbps_config
                0x00013bf8       0x40 ./framework/XCVR/MKW41Z4/cfgs_kw4x_3x_2x/fsl_xcvr_zgbe_config.o
                0x00013bf8                xcvr_802_15_4_500kbps_config
 .rodata.mapTable
                0x00013c38      0x400 ./framework/XCVR/MKW41Z4/fsl_xcvr.o
                0x00013c38                mapTable
 .rodata.XCVR_GetDefaultConfig
                0x00014038       0x28 ./framework/XCVR/MKW41Z4/fsl_xcvr.o
 .rodata.rx_bba_dcoc_dac_trim_DCest
                0x00014060       0x2c ./framework/XCVR/MKW41Z4/fsl_xcvr_trim.o
 .rodata.BLOCK_1_IFR
                0x0001408c       0x10 ./framework/XCVR/MKW41Z4/ifr_radio.o
                0x0001408c                BLOCK_1_IFR
 .rodata.mTpmConfig
                0x0001409c        0xa ./framework/TimersManager/Source/TMR_Adapter.o
 *fill*         0x000140a6        0x2 
 .rodata.Serial_InitInterface
                0x000140a8       0x2c ./framework/SerialManager/Source/SerialManager.o
 .rodata.gUseRtos_c
                0x000140d4        0x1 ./framework/OSAbstraction/Source/fsl_os_abstraction_bm.o
                0x000140d4                gUseRtos_c
 *fill*         0x000140d5        0x3 
 .rodata.osEventInfo
                0x000140d8        0xc ./framework/OSAbstraction/Source/fsl_os_abstraction_bm.o
                0x000140d8                osEventInfo
 .rodata.maPortBases
                0x000140e4        0xc ./framework/GPIO/GPIO_Adapter.o
 .rodata.maGpioBases
                0x000140f0        0xc ./framework/GPIO/GPIO_Adapter.o
 .rodata.mProdDataIdentifier
                0x000140fc        0xa ./framework/Flash/Internal/Flash_Adapter.o
 *fill*         0x00014106        0x2 
 .rodata.adcConfig
                0x00014108        0x9 ./framework/DCDC/Source/DCDC.o
 *fill*         0x00014111        0x3 
 .rodata.vbatChanConfig
                0x00014114        0x8 ./framework/DCDC/Source/DCDC.o
                0x00014114                vbatChanConfig
 .rodata.bgapChanConfig
                0x0001411c        0x8 ./framework/DCDC/Source/DCDC.o
                0x0001411c                bgapChanConfig
 .rodata.fllFactorTable.5676
                0x00014124       0x10 ./drivers/fsl_clock.o
 .rodata.s_tpmBases
                0x00014134        0xc ./drivers/fsl_tpm.o
 .rodata.s_tpmClocks
                0x00014140        0xc ./drivers/fsl_tpm.o
 .rodata.trng_SetStatisticalCheckLimit
                0x0001414c       0x28 ./drivers/fsl_trng.o
 .rodata.mDcdcDefaultConfig
                0x00014174       0x14 ./board/board.o
                0x00014174                mDcdcDefaultConfig
 .rodata.simConfig_BOARD_BootClockRUN
                0x00014188        0x8 ./board/clock_config.o
                0x00014188                simConfig_BOARD_BootClockRUN
 .rodata._global_impure_ptr
                0x00014190        0x4 /usr/local/mcuxpressoide-10.0.2_411/ide/tools/bin/../lib/gcc/arm-none-eabi/5.4.1/../../../../arm-none-eabi/lib/armv6-m/libc.a(lib_a-impure.o)
                0x00014190                _global_impure_ptr
 *(.glue_7)
 .glue_7        0x00014194        0x0 linker stubs
 *(.glue_7t)
 .glue_7t       0x00014194        0x0 linker stubs
 *(.eh_frame)
 .eh_frame      0x00014194        0x0 /usr/local/mcuxpressoide-10.0.2_411/ide/tools/bin/../lib/gcc/arm-none-eabi/5.4.1/armv6-m/crtbegin.o
 *(.init)
 .init          0x00014194        0x4 /usr/local/mcuxpressoide-10.0.2_411/ide/tools/bin/../lib/gcc/arm-none-eabi/5.4.1/armv6-m/crti.o
                0x00014194                _init
 .init          0x00014198        0x8 /usr/local/mcuxpressoide-10.0.2_411/ide/tools/bin/../lib/gcc/arm-none-eabi/5.4.1/armv6-m/crtn.o
 *(.fini)
 .fini          0x000141a0        0x4 /usr/local/mcuxpressoide-10.0.2_411/ide/tools/bin/../lib/gcc/arm-none-eabi/5.4.1/armv6-m/crti.o
                0x000141a0                _fini
 .fini          0x000141a4        0x8 /usr/local/mcuxpressoide-10.0.2_411/ide/tools/bin/../lib/gcc/arm-none-eabi/5.4.1/armv6-m/crtn.o
                0x000141ac                . = ALIGN (0x4)

.vfp11_veneer   0x000141ac        0x0
 .vfp11_veneer  0x000141ac        0x0 linker stubs

.v4_bx          0x000141ac        0x0
 .v4_bx         0x000141ac        0x0 linker stubs

.iplt           0x000141ac        0x0
 .iplt          0x000141ac        0x0 /usr/local/mcuxpressoide-10.0.2_411/ide/tools/bin/../lib/gcc/arm-none-eabi/5.4.1/armv6-m/crtbegin.o

.VERSION_TAGS   0x000141ac       0x18
                0x000141ac                . = ALIGN (0x4)
                [!provide]                PROVIDE (__start_VERSION_TAGS, .)
 *(.VERSION_TAGS)
 .VERSION_TAGS  0x000141ac        0xc ./ieee_802.15.4/smac/source/SMAC.o
                0x000141ac                SMAC_VERSION
 .VERSION_TAGS  0x000141b8        0xc ./framework/ModuleInfo/ModuleInfo.o
                0x000141b8                FWK_VERSION
                [!provide]                PROVIDE (__stop_VERSION_TAGS, .)
                0x000141c4                . = ALIGN (0x4)

.ARM.extab
 *(.ARM.extab* .gnu.linkonce.armextab.*)

.ARM            0x000141c4        0x8
                0x000141c4                __exidx_start = .
 *(.ARM.exidx*)
 .ARM.exidx     0x000141c4        0x8 /usr/local/mcuxpressoide-10.0.2_411/ide/tools/bin/../lib/gcc/arm-none-eabi/5.4.1/../../../../arm-none-eabi/lib/armv6-m/crt0.o
 .ARM.exidx     0x000141cc        0x0 /usr/local/mcuxpressoide-10.0.2_411/ide/tools/bin/../lib/gcc/arm-none-eabi/5.4.1/armv6-m/libgcc.a(_udivmoddi4.o)
                                  0x8 (size before relaxing)
                0x000141cc                __exidx_end = .

.rel.dyn        0x000141cc        0x0
 .rel.iplt      0x000141cc        0x0 /usr/local/mcuxpressoide-10.0.2_411/ide/tools/bin/../lib/gcc/arm-none-eabi/5.4.1/armv6-m/crtbegin.o

.ctors          0x000141cc        0x0
                0x000141cc                __CTOR_LIST__ = .
 *crtbegin.o(.ctors)
 *crtbegin?.o(.ctors)
 *(EXCLUDE_FILE(*crtend.o *crtend?.o) .ctors)
 *(SORT(.ctors.*))
 *(.ctors)
                0x000141cc                __CTOR_END__ = .

.dtors          0x000141cc        0x0
                0x000141cc                __DTOR_LIST__ = .
 *crtbegin.o(.dtors)
 *crtbegin?.o(.dtors)
 *(EXCLUDE_FILE(*crtend.o *crtend?.o) .dtors)
 *(SORT(.dtors.*))
 *(.dtors)
                0x000141cc                __DTOR_END__ = .

.preinit_array  0x000141cc        0x0
                0x000141cc                PROVIDE (__preinit_array_start, .)
 *(.preinit_array*)
                0x000141cc                PROVIDE (__preinit_array_end, .)

.init_array     0x000141cc        0x8
                0x000141cc                PROVIDE (__init_array_start, .)
 *(SORT(.init_array.*))
 .init_array.00000
                0x000141cc        0x4 /usr/local/mcuxpressoide-10.0.2_411/ide/tools/bin/../lib/gcc/arm-none-eabi/5.4.1/../../../../arm-none-eabi/lib/armv6-m/libc.a(lib_a-__call_atexit.o)
 *(.init_array*)
 .init_array    0x000141d0        0x4 /usr/local/mcuxpressoide-10.0.2_411/ide/tools/bin/../lib/gcc/arm-none-eabi/5.4.1/armv6-m/crtbegin.o
                0x000141d4                PROVIDE (__init_array_end, .)

.fini_array     0x000141d4        0x4
                0x000141d4                PROVIDE (__fini_array_start, .)
 *(SORT(.fini_array.*))
 *(.fini_array*)
 .fini_array    0x000141d4        0x4 /usr/local/mcuxpressoide-10.0.2_411/ide/tools/bin/../lib/gcc/arm-none-eabi/5.4.1/armv6-m/crtbegin.o
                0x000141d8                PROVIDE (__fini_array_end, .)
                0x000141d8                __etext = .
                0x000141d8                __DATA_ROM = .

.mtb            0x1fff8000        0x0
                0x1fff8000                . = ALIGN (0x8)
                0x1fff8000                _mtb_start = .
 *(.mtb_buf)
                0x1fff8000                . = ALIGN (0x8)
                0x1fff8000                _mtb_end = .

.interrupts_ram
                0x1fff8000       0xc0
                0x1fff8000                . = ALIGN (0x4)
                0x1fff8000                __VECTOR_RAM__ = .
                0x1fff8000                __interrupts_ram_start__ = .
 *(.m_interrupts_ram)
                0x1fff80c0                . = (. + 0xc0)
 *fill*         0x1fff8000       0xc0 
                0x1fff80c0                . = ALIGN (0x4)
                0x1fff80c0                __interrupts_ram_end__ = .
                0x1fff8000                __VECTOR_RAM = __VECTOR_RAM__
                0x000000c0                __RAM_VECTOR_TABLE_SIZE_BYTES = (__interrupts_ram_end__ - __interrupts_ram_start__)

.data           0x1fff80c0      0x5ac load address 0x000141d8
                0x1fff80c0                . = ALIGN (0x4)
                0x1fff80c0                __DATA_RAM = .
                0x1fff80c0                __data_start__ = .
 *(.data)
 .data          0x1fff80c0        0x4 /home/samuel9520/Documents/MCUXpresso_10.0.2_411/workspace/lab3_receiver/libs/lib_crypto_m0.a(SW_RNG.o)
 *(.data*)
 .data.KEY      0x1fff80c4       0x10 ./source/wireless_messenger.o
                0x1fff80c4                KEY
 .data.IV       0x1fff80d4       0x10 ./source/wireless_messenger.o
                0x1fff80d4                IV
 .data.mSmacVersionString
                0x1fff80e4        0x4 ./ieee_802.15.4/smac/source/SMAC.o
                0x1fff80e4                mSmacVersionString
 .data.mPhyIrqDisableCnt
                0x1fff80e8        0x1 ./ieee_802.15.4/phy/source/MKW41Z/PhyISR.o
                0x1fff80e8                mPhyIrqDisableCnt
 *fill*         0x1fff80e9        0x3 
 .data.mPhyDSMDuration
                0x1fff80ec        0x4 ./ieee_802.15.4/phy/source/MKW41Z/PhyPacketProcessor.o
 .data.gRxRetryTimer
                0x1fff80f0        0x1 ./ieee_802.15.4/phy/source/MKW41Z/PhyPlmeData.o
                0x1fff80f0                gRxRetryTimer
 *fill*         0x1fff80f1        0x3 
 .data.gPhyChannelTxPowerLimits
                0x1fff80f4       0x10 ./ieee_802.15.4/phy/source/MKW41Z/PhyPlmeData.o
                0x1fff80f4                gPhyChannelTxPowerLimits
 .data.mode_configs_dr_1mbps
                0x1fff8104       0x28 ./framework/XCVR/MKW41Z4/fsl_xcvr.o
                0x1fff8104                mode_configs_dr_1mbps
 .data.mode_configs_dr_500kbps
                0x1fff812c       0x28 ./framework/XCVR/MKW41Z4/fsl_xcvr.o
                0x1fff812c                mode_configs_dr_500kbps
 .data.mode_configs_dr_250kbps
                0x1fff8154       0x28 ./framework/XCVR/MKW41Z4/fsl_xcvr.o
                0x1fff8154                mode_configs_dr_250kbps
 .data.mTpmBase
                0x1fff817c        0xc ./framework/TimersManager/Source/TMR_Adapter.o
 .data.os_thread_def_TMR_Task
                0x1fff8188       0x20 ./framework/TimersManager/Source/TimersManager.o
                0x1fff8188                os_thread_def_TMR_Task
 .data.mLpuartBase
                0x1fff81a8        0x4 ./framework/SerialManager/Source/UART_Adapter/UART_Adapter.o
 .data.mLpuartIrqs
                0x1fff81ac        0x1 ./framework/SerialManager/Source/UART_Adapter/UART_Adapter.o
 *fill*         0x1fff81ad        0x3 
 .data.os_thread_def_SerialManagerTask
                0x1fff81b0       0x20 ./framework/SerialManager/Source/SerialManager.o